******************************************************************************
                  TI ARM Linker Unix v18.12.3                  
******************************************************************************
>> Linked Wed Apr  8 13:35:56 2020

OUTPUT FILE NAME:   <zed_temperaturesensor_CC26X2R1_LAUNCHXL_tirtos_ccs.out>
ENTRY POINT SYMBOL: "ResetISR"  address: 0001d841


MEMORY CONFIGURATION

         name            origin    length      used     unused   attr    fill
----------------------  --------  ---------  --------  --------  ----  --------
  FLASH                 00000000   00052000  00027e90  0002a170  R  X
  FLASH_NV              00052000   00004000  00004000  00000000  RW X
  FLASH_LAST            00056000   00002000  00000058  00001fa8  R  X
  SRAM                  20000000   00014000  00005528  0000ead8  RW X


SEGMENT ALLOCATION MAP

run origin  load origin   length   init length attrs members
----------  ----------- ---------- ----------- ----- -------
00000000    00000000    00027e98   00027e98    r-x
  00000000    00000000    0000003c   0000003c    r-- .resetVecs
  00000040    00000040    000255ec   000255ec    r-x .text
  0002562c    0002562c    000022a0   000022a0    r-- .const
  000278cc    000278cc    000000d0   000000d0    r-- config_const
  000279a0    000279a0    000004f8   000004f8    r-- .cinit
00052000    00052000    00004000   00000000    rw-
  00052000    00052000    00004000   00000000    rw- .TI.bound:flashBuf0
00057fa8    00057fa8    00000058   00000058    r--
  00057fa8    00057fa8    00000058   00000058    r-- .ccfg
20000100    20000100    0000001c   00000000    rw-
  20000100    20000100    00000004   00000000    rw- .data:xdcRomConstPtr
  20000104    20000104    00000004   00000000    rw- .data:xdcRomExternFuncPtr
  20000108    20000108    00000004   00000000    rw- .data:xdcRomStatePtr
  2000010c    2000010c    00000010   00000000    rw- .data:RAM_MAC_BASE_ADDR
20001830    20001830    00000010   00000000    rw-
  20001830    20001830    00000010   00000000    rw- .TI.bound:dmaSpi0RxControlTableEntry
20001840    20001840    00000010   00000000    rw-
  20001840    20001840    00000010   00000000    rw- .TI.bound:dmaSpi0TxControlTableEntry
20001900    20001900    00000010   00000000    rw-
  20001900    20001900    00000010   00000000    rw- .TI.bound:dmaSpi1RxControlTableEntry
20001910    20001910    00000010   00000000    rw-
  20001910    20001910    00000010   00000000    rw- .TI.bound:dmaSpi1TxControlTableEntry
20001a30    20001a30    00000010   00000000    rw-
  20001a30    20001a30    00000010   00000000    rw- .TI.bound:dmaSpi0RxAltControlTableEntry
20001a40    20001a40    00000010   00000000    rw-
  20001a40    20001a40    00000010   00000000    rw- .TI.bound:dmaSpi0TxAltControlTableEntry
20001b00    20001b00    00000010   00000000    rw-
  20001b00    20001b00    00000010   00000000    rw- .TI.bound:dmaSpi1RxAltControlTableEntry
20001b10    20001b10    00004dc4   00000000    rw-
  20001b10    20001b10    00000010   00000000    rw- .TI.bound:dmaSpi1TxAltControlTableEntry
  20001b20    20001b20    00003aa2   00000000    rw- .data
  200055c8    200055c8    0000130c   00000000    rw- .bss
20013a00    20013a00    00000600   00000000    rw-
  20013a00    20013a00    00000600   00000000    rw- .stack


SECTION ALLOCATION MAP

 output                                  attributes/
section   page    origin      length       input sections
--------  ----  ----------  ----------   ----------------
.text      0    00000040    000255ec     
                  00000040    00001974     zstacktask.obj (.text:appMsg$38)
                  000019b4    00000734     zstackstartup.obj (.text:stackInit$7)
                  000020e8    000006e0     bdb.obj (.text:bdb_event_loop)
                  000027c8    00000668     maclib_nosecure_cc26x2_2_4g.a : mac.obj (.text:macRxCbIeee$84)
                  00002e30    000005d8     zd_app.obj (.text:ZDApp_event_loop)
                  00003408    000005a0     zd_app.obj (.text:ZDOInitDeviceEx)
                  000039a8    00000528     libZStack_nwk_zed_ccs.a : nwk.obj (.text:nwk_data_ind_processing$72)
                  00003ed0    000004a8     nvocmp.obj (.text:NVOCMP_initNvApi$4)
                  00004378    0000049c     rf_multiMode_cc26x2.aem4f : RFCC26X2_multiMode.c.cc26x2.ccs.o (.text:RF_fsmActiveState)
                  00004814    00000430     zcl_sampletemperaturesensor.obj (.text:zclSampleTemperatureSensor_Init$10)
                  00004c44    00000424     main.obj (.text:taskFxn)
                  00005068    000003e4     libZStack_nwk_zed_ccs.a : aps_frag.obj (.text:APSF_ProcessEvent)
                  0000544c    000003e0                             : nl_mede_cb.obj (.text:NLDE_DataIndication)
                  0000582c    000003b8     bdb.obj (.text:bdb_reportCommissioningState)
                  00005be4    00000358     zstacktask.obj (.text:processSysConfigReadReq$38)
                  00005f3c    00000330     bdb.obj (.text:bdb_StartCommissioning)
                  0000626c    00000328     libZStack_nwk_zed_ccs.a : aps.obj (.text:APS_event_loop)
                  00006594    0000031c     zstacktask.obj (.text:processSysConfigWriteReq$38)
                  000068b0    00000308     mac_user_config.obj (.text:rfSelect)
                  00006bb8    00000304     zd_object.obj (.text:ZDO_ProcessMgmtLqiReq)
                  00006ebc    000002ec     drivers_cc26x2.aem4f : SPICC26X2DMA.oem4f (.text:SPICC26X2DMA_transfer)
                  000071a8    000002bc     libZStack_nwk_zed_ccs.a : aps_mede.obj (.text:APSME_FrameSecRemoveCM$66)
                  00007464    000002b8                             : nwk.obj (.text:nwk_event_loop)
                  0000771c    0000029c     nvocmp.obj (.text:NVOCMP_compactPage$4)
                  000079b8    00000294     zmac_cb.obj (.text:MAC_CbackEvent)
                  00007c4c    0000028c     nvocmp.obj (.text:NVOCMP_addItem$4)
                  00007ed8    00000280     zcl.obj (.text:zclProcessInDiscAttrs$23)
                  00008158    0000027c     binding_table.obj (.text:bindAddEntry)
                  000083d4    0000027c     zcl_general.obj (.text:zclGeneral_ProcessInGroupsServer$24)
                  00008650    00000278     nvocmp.obj (.text:NVOCMP_compact$4)
                  000088c8    00000264     zcl.obj (.text:zcl_ProcessMessageMSG)
                  00008b2c    0000025c     rf_multiMode_cc26x2.aem4f : RFCC26X2_multiMode.c.cc26x2.ccs.o (.text:RF_open)
                  00008d88    0000025c     drivers_cc26x2.aem4f : SPICC26X2DMA.oem4f (.text:SPICC26X2DMA_hwiFxn)
                  00008fe4    00000238     maclib_nosecure_cc26x2_2_4g.a : mac_pwr.obj (.text:macPwrVote)
                  0000921c    00000234     cui.obj (.text:CUI_init)
                  00009450    00000230     bdb_finding_and_binding.obj (.text:bdb_checkMatchingEndpoints)
                  00009680    00000224     libZStack_nwk_zed_ccs.a : aps.obj (.text:APS_DataIndReflect$63)
                  000098a4    00000218     zstacktask.obj (.text:ZStackTaskProcessEvent)
                  00009abc    00000218     zcl.obj (.text:zclProcessInWriteUndividedCmd$23)
                  00009cd4    00000204     rf_multiMode_cc26x2.aem4f : RFCC26X2_multiMode.c.cc26x2.ccs.o (.text:RF_scheduleCmd)
                  00009ed8    00000200     zd_object.obj (.text:ZDO_ProcessMatchDescReq)
                  0000a0d8    000001fc     libZStack_nwk_zed_ccs.a : aps_mede.obj (.text:APSDE_DataReq)
                  0000a2d4    000001fc                             : aps_mede.obj (.text:APSME_FrameSecSetupCM$66)
                  0000a4d0    000001f4     zd_sec_mgr.obj (.text:ZDSecMgrTransportKeyInd)
                  0000a6c4    000001e8     zmac.obj (.text:ZMacEventLoop)
                  0000a8ac    000001e0     bdb_reporting.obj (.text:bdb_RepReport$42)
                  0000aa8c    000001dc     libZStack_nwk_zed_ccs.a : ssp_hash.obj (.text:sspMMOHash)
                  0000ac68    000001d8     af.obj (.text:AF_DataRequest)
                  0000ae40    000001d8     maclib_nosecure_cc26x2_2_4g.a : mac_tx.obj (.text:macTxFrame)
                  0000b018    000001d4     libZStack_nwk_zed_ccs.a : aps.obj (.text:APS_Reflect$63)
                  0000b1ec    000001d0     maclib_nosecure_cc26x2_2_4g.a : mac.obj (.text:macSendReceiveCmdIeee)
                  0000b3bc    000001c8     zcl_sampleapps_ui.obj (.text:UI_DeviceStateUpdated)
                  0000b584    000001c8     libZStack_nwk_zed_ccs.a : nwk_bufs.obj (.text:nwk_MacDataBuffersAdd)
                  0000b74c    000001c8     zcl.obj (.text:zclProcessInReadCmd$23)
                  0000b914    000001c4     drivers_cc26x2.aem4f : PINCC26XX.oem4f (.text:PIN_init)
                  0000bad8    000001bc     maclib_nosecure_cc26x2_2_4g.a : mac_radio_tx.obj (.text:macRadioCsmaTxCbIeee$94)
                  0000bc94    000001b6     rtsv7M4_T_le_v4SPD16_eabi.lib : fd_add_t2.asm.obj (.text)
                  0000be4a    00000002     drivers_cc26x2.aem4f : LED.oem4f (.text:LED_init)
                  0000be4c    000001ac     maclib_nosecure_cc26x2_2_4g.a : mac_radio_tx.obj (.text:macRadioTxGoIeee$94)
                  0000bff8    000001ac                                   : mac_hl_patch.obj (.text:macRxBeaconCritical)
                  0000c1a4    000001a8     drivers_cc26x2.aem4f : PowerCC26X2.oem4f (.text:Power_sleep)
                  0000c34c    000001a4     maclib_nosecure_cc26x2_2_4g.a : mac_hl_patch.obj (.text:macWrapperDeleteKeyAndAssociatedDevices)
                  0000c4f0    000001a4     zstacktask.obj (.text:zsProcessZDOMsgs$38)
                  0000c694    000001a0     bdb_reporting.obj (.text:bdb_repAttrBuildClusterEndPointArrayBasedOnConfRecordsArray$42)
                  0000c834    0000019c     zcl_sampleapps_ui.obj (.text:uiActionProcessSetInstallCode$13)
                  0000c9d0    00000198     zcl.obj (.text:zcl_SendCommandEx)
                  0000cb68    00000190     rf_multiMode_cc26x2.aem4f : RFCC26X2_multiMode.c.cc26x2.ccs.o (.text:RF_dispatchNextCmd)
                  0000ccf8    00000190     drivers_cc26x2.aem4f : PowerCC26X2_calibrateRCOSC.oem4f (.text:calibrateRcoscHf1)
                  0000ce88    00000190     libZStack_nwk_zed_ccs.a : nwk.obj (.text:nwk_data_cnf_processing$72)
                  0000d018    0000018c     drivers_cc26x2.aem4f : PowerCC26X2.oem4f (.text:Power_init)
                  0000d1a4    0000018c                          : PowerCC26X2_calibrateRCOSC.oem4f (.text:runCalibrateFsm)
                  0000d330    00000186                          : Button.oem4f (.text:Button_clockTimeoutHandler)
                  0000d4b6    00000002     rf_multiMode_cc26x2.aem4f : rfc.c.cc26x2.ccs.o (.text:NOROM_RFCCpePatchReset)
                  0000d4b8    0000017c     zcl_sampleapps_ui.obj (.text:uiActionProcessConfigurePanId$13)
                  0000d634    00000178     zd_object.obj (.text:ZDO_ProcessBindUnbindReq)
                  0000d7ac    00000174     libZStack_nwk_zed_ccs.a : nwk_util.obj (.text:NLME_LeaveCmdProcess)
                  0000d920    00000174     drivers_cc26x2.aem4f : SPICC26X2DMA.oem4f (.text:configNextTransfer)
                  0000da94    00000170     libZStack_nwk_zed_ccs.a : nl_mede.obj (.text:NLME_ReJoinReq$70)
                  0000dc04    00000170     drivers_cc26x2.aem4f : SPICC26X2DMA.oem4f (.text:SPICC26X2DMA_transferCancel)
                  0000dd74    0000016c     maclib_nosecure_cc26x2_2_4g.a : mac_tx.obj (.text:txCsmaDelay)
                  0000dee0    00000168     drivers_cc26x2.aem4f : NVSSPI25X.oem4f (.text:NVSSPI25X_write)
                  0000e048    00000164     libZStack_nwk_zed_ccs.a : nl_mede.obj (.text:NLDE_DataReq)
                  0000e1ac    00000164                             : ssp.obj (.text:SSP_NwkSecurityProc)
                  0000e310    00000164     drivers_cc26x2.aem4f : UARTCC26XX.oem4f (.text:UARTCC26XX_open)
                  0000e474    00000164     maclib_nosecure_cc26x2_2_4g.a : mac_hl_patch.obj (.text:macWrapperDeleteAllDevices)
                  0000e5d8    00000162     bdb_reporting.obj (.text:bdb_isAttrValueChangedSurpassDelta$42)
                  0000e73a    00000002     drivers_cc26x2.aem4f : NVSSPI25X.oem4f (.text:NVSSPI25X_deinitSpiCs)
                  0000e73c    00000160     mac_util.obj (.text:Util_ltoa)
                  0000e89c    00000160     zcl.obj (.text:zclProcessInDiscCmd$23)
                  0000e9fc    0000015c     libZStack_nwk_zed_ccs.a : nwk_util.obj (.text:NLDE_BuildMsg$74)
                  0000eb58    0000015c     zcl_general.obj (.text:zclGeneral_ProcessInIdentity$24)
                  0000ecb4    00000158     cui.obj (.text:CUI_dispMenu$12)
                  0000ee0c    00000154     zd_sec_mgr.obj (.text:APSME_TCLinkKeyLoad)
                  0000ef60    00000154     driverlib.lib : sys_ctrl.obj (.text:NOROM_SysCtrlStandby)
                  0000f0b4    00000154     nvocmp.obj (.text:NVOCMP_migratePage$4)
                  0000f208    00000154     rf_multiMode_cc26x2.aem4f : RFCC26X2_multiMode.c.cc26x2.ccs.o (.text:RF_initRadioSetup)
                  0000f35c    00000154     drivers_cc26x2.aem4f : UARTCC26XX.oem4f (.text:UARTCC26XX_hwiIntFxn)
                  0000f4b0    00000154     maclib_nosecure_cc26x2_2_4g.a : mac_rx.obj (.text:rxPayloadIsr$89)
                  0000f604    00000150     drivers_cc26x2.aem4f : SPICC26X2DMA.oem4f (.text:SPICC26X2DMA_open)
                  0000f754    00000148     rf_multiMode_cc26x2.aem4f : RFCC26X2_multiMode.c.cc26x2.ccs.o (.text:RF_fsmSetupState)
                  0000f89c    00000140     cui.obj (.text:CUI_statusLinePrintf)
                  0000f9dc    00000140     libZStack_nwk_zed_ccs.a : nwk_util.obj (.text:NLME_CmdCnf)
                  0000fb1c    00000140     rf_multiMode_cc26x2.aem4f : RFCC26X2_multiMode.c.cc26x2.ccs.o (.text:RF_close)
                  0000fc5c    00000140     zcl_sampleapps_ui.obj (.text:generateBdbInfoString$13)
                  0000fd9c    00000140     drivers_cc26x2.aem4f : SPICC26X2DMA.oem4f (.text:initIO)
                  0000fedc    0000013e     zcl.obj (.text:zclProcessInWriteCmd$23)
                  0001001a    00000002     rf_multiMode_cc26x2.aem4f : RFCC26X2_multiMode.c.cc26x2.ccs.o (.text:RF_defaultCallback)
                  0001001c    0000013c                               : RFCC26X2_multiMode.c.cc26x2.ccs.o (.text:RF_ratSetupChannel)
                  00010158    0000013c     libZStack_nwk_zed_ccs.a : nwk_util.obj (.text:nwk_SetCurrentPollRateType)
                  00010294    0000013a     drivers_cc26x2.aem4f : UARTCC26XX.oem4f (.text:UARTCC26XX_read)
                  000103ce    00000002     zd_object.obj (.text:ZDO_ProcessNodeDescRsp)
                  000103d0    00000138     nvocmp.obj (.text:NVOCMP_findItem$4)
                  00010508    00000138     drivers_cc26x2.aem4f : NVSCC26XX.oem4f (.text:NVSCC26XX_write)
                  00010640    00000134     rf_multiMode_cc26x2.aem4f : RFCC26X2_multiMode.c.cc26x2.ccs.o (.text:RF_abortCmd)
                  00010774    00000134     zd_object.obj (.text:ZDO_ProcessMgmtBindReq)
                  000108a8    00000130     drivers_cc26x2.aem4f : AESCCMCC26XX.oem4f (.text:AESCCM_startOperation)
                  000109d8    00000130     zd_object.obj (.text:ZDO_ProcessSimpleDescReq)
                  00010b08    0000012c     libZStack_nwk_zed_ccs.a : rtg.obj (.text:RTG_AddRtgEntry$76)
                  00010c34    00000128                             : aps_frag.obj (.text:APSF_SendFragmented)
                  00010d5c    00000128     zd_sec_mgr.obj (.text:ZDSecMgrDeviceRemoveByExtAddr)
                  00010e84    00000126     zcl.obj (.text:zclParseInConfigReportCmd)
                  00010faa    00000002     zd_object.obj (.text:ZDO_ProcessSimpleDescRsp)
                  00010fac    00000124     zcl_sampleapps_ui.obj (.text:UI_InitCUI$13)
                  000110d0    00000120     zd_sec_mgr.obj (.text:APSME_TCLinkKeySync)
                  000111f0    00000120     rf_multiMode_cc26x2.aem4f : RFCC26X2_multiMode.c.cc26x2.ccs.o (.text:RF_radioOpDoneCb)
                  00011310    0000011e     zstacktask.obj (.text:processSecApsLinkKeySetReq$38)
                  0001142e    00000002     zmac_cb.obj (.text:ZMacLqiAdjust$61)
                  00011430    00000118     libZStack_nwk_zed_ccs.a : rtg.obj (.text:NLME_RouteDiscoveryRequest)
                  00011548    00000118     zd_profile.obj (.text:ZDP_IncomingData)
                  00011660    00000118     maclib_nosecure_cc26x2_2_4g.a : mac.obj (.text:macSetupRATChanCompare)
                  00011778    00000114                                   : mac_hl_patch.obj (.text:macEdScanISR)
                  0001188c    00000114                                   : mac_radio.obj (.text:macRadioInitIeee)
                  000119a0    00000114                                   : mac_hl_patch.obj (.text:macScanNextChan)
                  00011ab4    00000112     rf_multiMode_cc26x2.aem4f : RFCC26X2_multiMode.c.cc26x2.ccs.o (.text:RF_decodeOverridePointers)
                  00011bc6    00000002     rtsv7M4_T_le_v4SPD16_eabi.lib : _lock.c.obj (.text:_nop)
                  00011bc8    00000110     libZStack_nwk_zed_ccs.a : aps_mede.obj (.text:APSDE_FrameAlloc)
                  00011cd8    00000110     cui.obj (.text:CUI_menuActionHelp)
                  00011de8    00000110     drivers_cc26x2.aem4f : GPIOCC26XX.oem4f (.text:GPIO_setConfig)
                  00011ef8    00000110                          : LED.oem4f (.text:LED_open)
                  00012008    00000110     libZStack_nwk_zed_ccs.a : ssp.obj (.text:SSP_Process)
                  00012118    0000010c                             : nwk_util.obj (.text:NLDE_ParseMsg)
                  00012224    00000108                             : aps_mede.obj (.text:APSDE_FrameHdrSet$66)
                  0001232c    00000108                             : addr_mgr.obj (.text:AddrMgrEntryUpdate)
                  00012434    00000108                             : ssp.obj (.text:ccmStar)
                  0001253c    00000106     app_pem4f.oem4f (.text:xdc_runtime_System_printfExtend__I)
                  00012642    00000002     drivers_cc26x2.aem4f : PowerCC26X2.oem4f (.text:emptyClockFunc)
                  00012644    00000104                          : AESECBCC26XX.oem4f (.text:AESECB_startOperation)
                  00012748    00000104     main.obj (.text:main)
                  0001284c    00000100     drivers_cc26x2.aem4f : PowerCC26X2.oem4f (.text:configureXOSCHF)
                  0001294c    000000fc     rf_multiMode_cc26x2.aem4f : RFCC26X2_multiMode.c.cc26x2.ccs.o (.text:RF_hwiCpe0Active)
                  00012a48    000000fc     zd_app.obj (.text:ZDO_beaconNotifyIndCB)
                  00012b44    000000fc     zd_profile.obj (.text:zdpProcessAddrReq)
                  00012c40    000000fa     zcl_general.obj (.text:zclGeneral_ProcessInGroupsClient$24)
                  00012d3a    00000002     drivers_cc26x2.aem4f : CryptoResourceCC26XX.oem4f (.text:errorSpin)
                  00012d3c    000000f8     libZStack_nwk_zed_ccs.a : nwk_util.obj (.text:NLME_InitNV)
                  00012e34    000000f8     drivers_cc26x2.aem4f : NVSSPI25X.oem4f (.text:NVSSPI25X_open)
                  00012f2c    000000f8                          : PINCC26XX.oem4f (.text:PINCC26XX_setIoCfg)
                  00013024    000000f4                          : ADCCC26XX.oem4f (.text:ADCCC26XX_convert)
                  00013118    000000f4     cui.obj (.text:CUI_statusLineResourceRequest)
                  0001320c    000000f4     drivers_cc26x2.aem4f : SPICC26X2DMA.oem4f (.text:SPICC26X2DMA_control)
                  00013300    000000f4     zcl_sampleapps_ui.obj (.text:UI_UpdateDeviceInfoLine)
                  000133f4    000000f4     libZStack_nwk_zed_ccs.a : nwk.obj (.text:nwk_beacon_notify_ind_processing$72)
                  000134e8    000000f0     nwk_globals.obj (.text:NIB_init)
                  000135d8    000000f0     libZStack_nwk_zed_ccs.a : nwk_util.obj (.text:NLME_CheckNewAddrSet)
                  000136c8    000000f0     rf_multiMode_cc26x2.aem4f : RFCC26X2_multiMode.c.cc26x2.ccs.o (.text:RF_fsmPowerUpState)
                  000137b8    000000f0     libZStack_nwk_zed_ccs.a : nwk_util.obj (.text:RTG_UpdateNeighborEntry)
                  000138a8    000000f0     zcl_sampleapps_ui.obj (.text:uiActionProcessApplyInstallCode$13)
                  00013998    000000ec     nvocmp.obj (.text:NVOCMP_cleanPage$4)
                  00013a84    000000ec     zcl_sampleapps_ui.obj (.text:UI_UpdateNwkStatusLine)
                  00013b70    000000e8     libZStack_nwk_zed_ccs.a : aps_mede.obj (.text:APSME_VerifyKeyReq)
                  00013c58    000000e8     drivers_cc26x2.aem4f : Button.oem4f (.text:Button_open)
                  00013d40    000000e0     libZStack_nwk_zed_ccs.a : nl_mede.obj (.text:NLME_NetworkFormationRequest)
                  00013e20    000000e0     drivers_cc26x2.aem4f : UARTCC26XX.oem4f (.text:UARTCC26XX_write)
                  00013f00    000000dc     libZStack_nwk_zed_ccs.a : aps.obj (.text:APS_GetBind$63)
                  00013fdc    000000dc     main.obj (.text:Main_assertHandler)
                  000140b8    000000dc     libZStack_nwk_zed_ccs.a : nwk.obj (.text:nwk_associate_cnf_processing$72)
                  00014194    000000dc     zcl.obj (.text:zclSerializeData)
                  00014270    000000d8     driverlib.lib : setup.obj (.text:TrimAfterColdResetWakeupFromShutDown$99)
                  00014348    000000d8     bdb_reporting.obj (.text:bdb_RepChangedAttrValue)
                  00014420    000000d4     rf_multiMode_cc26x2.aem4f : RFCC26X2_multiMode.c.cc26x2.ccs.o (.text:RF_pendCmd)
                  000144f4    000000d4     zd_object.obj (.text:ZDO_ProcessNodeDescReq)
                  000145c8    000000d4     zd_sec_mgr.obj (.text:ZDSecMgrNwkKeyInit)
                  0001469c    000000d2     rf_multiMode_cc26x2.aem4f : RFCC26X2_multiMode.c.cc26x2.ccs.o (.text:RF_updatePaConfiguration)
                  0001476e    00000002     maclib_nosecure_cc26x2_2_4g.a : mac_pwr.obj (.text:macApiPwrOnReq)
                  00014770    000000d0     libZStack_nwk_zed_ccs.a : nl_mede.obj (.text:NLME_JoinRequest)
                  00014840    000000d0     rf_multiMode_cc26x2.aem4f : RFCC26X2_multiMode.c.cc26x2.ccs.o (.text:RF_control)
                  00014910    000000d0                               : RFCC26X2_multiMode.c.cc26x2.ccs.o (.text:RF_swiHw)
                  000149e0    000000d0     osal_port_timers.obj (.text:createTimerEntry$51)
                  00014ab0    000000cc     zd_sec_mgr.obj (.text:APSME_TCLinkKeyInit)
                  00014b7c    000000cc     libZStack_nwk_zed_ccs.a : aps.obj (.text:APS_ReReflect$63)
                  00014c48    000000cc     zcl_sampleapps_ui.obj (.text:UI_UpdateBindInfoLine)
                  00014d14    000000cc     af.obj (.text:afRegister)
                  00014de0    000000cc     maclib_nosecure_cc26x2_2_4g.a : mac_timer.obj (.text:macSymbolTimerTriggerCallback)
                  00014eac    000000cc                                   : mac_tx.obj (.text:txCsmaPrep$93)
                  00014f78    000000ca     zstacktask.obj (.text:sendNodeDescRspInd$38)
                  00015042    00000002     maclib_nosecure_cc26x2_2_4g.a : mac_radio.obj (.text:macRadioSetRE)
                  00015044    000000c8     cui.obj (.text:CUI_handleMenuIntercept$12)
                  0001510c    000000c8     drivers_cc26x2.aem4f : PowerCC26X2.oem4f (.text:Power_releaseDependency)
                  000151d4    000000c8     rf_multiMode_cc26x2.aem4f : RFCC26X2_multiMode.c.cc26x2.ccs.o (.text:RF_hwiTempLimit)
                  0001529c    000000c4     libZStack_nwk_zed_ccs.a : aps.obj (.text:APS_UnBind$63)
                  00015360    000000c4     drivers_cc26x2.aem4f : GPIOCC26XX.oem4f (.text:GPIO_init)
                  00015424    000000c4                          : PowerCC26X2.oem4f (.text:Power_setDependency)
                  000154e8    000000c4     maclib_nosecure_cc26x2_2_4g.a : mac_hl_patch.obj (.text:macApiStartReq)
                  000155ac    000000c0     nvocmp.obj (.text:NVOCMP_erase$4)
                  0001566c    000000c0     drivers_cc26x2.aem4f : UARTCC26XX.oem4f (.text:UARTCC26XX_initIO)
                  0001572c    000000c0     maclib_nosecure_cc26x2_2_4g.a : mac_rx.obj (.text:rxPostRxUpdates$89)
                  000157ec    000000bc     zcl_port.obj (.text:zcl_AF_DataRequest)
                  000158a8    000000b8     drivers_cc26x2.aem4f : UARTCC26XX.oem4f (.text:UARTCC26XX_initHw)
                  00015960    000000b8                          : NVSSPI25X.oem4f (.text:doErase)
                  00015a18    000000b8     maclib_nosecure_cc26x2_2_4g.a : mac_hl_patch.obj (.text:macScanRxCoordRealign)
                  00015ad0    000000b8     zcl.obj (.text:zclParseInReadRspCmd$23)
                  00015b88    000000b4     libZStack_nwk_zed_ccs.a : aps_mede.obj (.text:APSME_AddTCLinkKey)
                  00015c3c    000000b4     maclib_nosecure_cc26x2_2_4g.a : mac_pwr.obj (.text:MAC_PwrOffReq)
                  00015cf0    000000b4     dpl_cc26x2.aem4f : PowerCC26X2_tirtos.oem4f (.text:PowerCC26XX_standbyPolicy)
                  00015da4    000000b4     drivers_cc26x2.aem4f : TRNGCC26XX.oem4f (.text:TRNG_generateEntropy)
                  00015e58    000000b4     bdb_reporting.obj (.text:bdb_RepUpdateMarkBindings)
                  00015f0c    000000b4     zcl_sampleapps_ui.obj (.text:uiActionProcessConfigureChannels$13)
                  00015fc0    000000b0     libZStack_nwk_zed_ccs.a : aps_mede_cb.obj (.text:APSDE_DataIndication)
                  00016070    000000b0     maclib_nosecure_cc26x2_2_4g.a : mac_autopend.obj (.text:MAC_SrcMatchAddEntry)
                  00016120    000000b0     zmac.obj (.text:ZMacAssociateReq)
                  000161d0    000000b0     maclib_nosecure_cc26x2_2_4g.a : mac_radio.obj (.text:macRadioPowerUp)
                  00016280    000000b0     zcl_sampletemperaturesensor.obj (.text:zclSampleTemperatureSensor_UiActionChangeTemp)
                  00016330    000000ae     zstacktask.obj (.text:processSecApsLinkKeyGetReq$38)
                  000163de    00000002     maclib_nosecure_cc26x2_2_4g.a : mac_hl_patch.obj (.text:macSetDefaultsByPatch)
                  000163e0    000000ac     nvocmp.obj (.text:NVOCMP_readContItemApi$4)
                  0001648c    000000ac     drivers_cc26x2.aem4f : PINCC26XX.oem4f (.text:PIN_open)
                  00016538    000000ac     bdb.obj (.text:bdb_rejoinNwk)
                  000165e4    000000ac     maclib_nosecure_cc26x2_2_4g.a : mac_hl_patch.obj (.text:macApiBeaconStartReq)
                  00016690    000000aa     zd_object.obj (.text:ZDO_ParseNodeDescRsp)
                  0001673a    00000002     rtsv7M4_T_le_v4SPD16_eabi.lib : div0.asm.obj (.text)
                  0001673c    000000a8     driverlib.lib : setup.obj (.text:NOROM_SetupTrimDevice)
                  000167e4    000000a8     maclib_nosecure_cc26x2_2_4g.a : mac_symbol_timer.obj (.text:macSymbolTimerInit)
                  0001688c    000000a8                                   : mac_hl_patch.obj (.text:macTrackTimeoutCallback)
                  00016934    000000a6     zd_app.obj (.text:ZDApp_ProcessMsgCBs)
                  000169da    000000a6     zcl_sampletemperaturesensor.obj (.text:zclSampleTemperatureSensor_processAfIncomingMsgInd$10)
                  00016a80    000000a4     libZStack_nwk_zed_ccs.a : aps_frag.obj (.text:APSF_ProcessAck)
                  00016b24    000000a4     rf_multiMode_cc26x2.aem4f : RFCC26X2_multiMode.c.cc26x2.ccs.o (.text:RF_ratRestartChannels)
                  00016bc8    000000a4                               : RFCC26X2_multiMode.c.cc26x2.ccs.o (.text:RF_requestAccess)
                  00016c6c    000000a4     af.obj (.text:afBuildMSGIncoming$39)
                  00016d10    000000a4     maclib_nosecure_cc26x2_2_4g.a : mac_radio.obj (.text:macRadioUpdateTxPower)
                  00016db4    000000a4     zcl.obj (.text:zclParseInWriteCmd)
                  00016e58    000000a0     libZStack_nwk_zed_ccs.a : ssp.obj (.text:SSP_SwitchNwkKey)
                  00016ef8    000000a0     zmac.obj (.text:ZMacDataReqSec)
                  00016f98    000000a0     auto_init.aem4f : auto_init.oem4f (.text)
                  00017038    000000a0     maclib_nosecure_cc26x2_2_4g.a : mac.obj (.text:macSetupReceiveCmd)
                  000170d8    000000a0     zstacktask.obj (.text:processZdoBindReq$38)
                  00017178    000000a0     rom_sysbios.aem4f : rom_sysbios.obj (.text:ti_sysbios_knl_Task_setPri__E)
                  00017218    0000009c     libZStack_nwk_zed_ccs.a : aps_mede.obj (.text:APSME_CmdTransportKey$66)
                  000172b4    0000009c                             : aps_mede.obj (.text:APSME_RemoveDeviceReq)
                  00017350    0000009c     nvocmp.obj (.text:NVOCMP_readHeader$4)
                  000173ec    0000009c     rf_multiMode_cc26x2.aem4f : RFCC26X2_multiMode.c.cc26x2.ccs.o (.text:RF_calculateDispatchTime)
                  00017488    0000009c     zd_object.obj (.text:ZDO_ProcessMgmtLeaveReq)
                  00017524    0000009c     zd_sec_mgr.obj (.text:ZDSecMgrDeviceRemove)
                  000175c0    0000009c     maclib_nosecure_cc26x2_2_4g.a : mac.obj (.text:macGetRFCmdDuration)
                  0001765c    0000009c     rtsv7M4_T_le_v4SPD16_eabi.lib : memcpy_t2.asm.obj (.text)
                  000176f8    0000009c     zstackstartup.obj (.text:stackTask_init)
                  00017794    0000009a     zstacktask.obj (.text:sendSimpleDescRspInd$38)
                  0001782e    00000002     app_pem4f.oem4f (.text:ti_sysbios_BIOS_nullFunc__I)
                  00017830    00000098     zcl_sampleapps_ui.obj (.text:UI_UpdateBdbStatusLine)
                  000178c8    00000098     drivers_cc26x2.aem4f : UARTCC26XX.oem4f (.text:writeTxFifoFlush)
                  00017960    00000096     rtsv7M4_T_le_v4SPD16_eabi.lib : ull_div_t2.asm.obj (.text)
                  000179f6    00000002     rom_sysbios.aem4f : rom_sysbios.obj (.text:ti_sysbios_heaps_HeapCallback_defaultDelete)
                  000179f8    00000094     rf_multiMode_cc26x2.aem4f : RFCC26X2_multiMode.c.cc26x2.ccs.o (.text:RF_getInfo)
                  00017a8c    00000094     drivers_cc26x2.aem4f : TRNGCC26XX.oem4f (.text:TRNGCC26XX_hwiFxn)
                  00017b20    00000094     bdb_reporting.obj (.text:bdb_RepFindAttrEntry$42)
                  00017bb4    00000094     bdb.obj (.text:bdb_tryNwkAssoc)
                  00017c48    00000094     maclib_nosecure_cc26x2_2_4g.a : mac.obj (.text:macRatCb_A)
                  00017cdc    00000094     libZStack_nwk_zed_ccs.a : nwk_util.obj (.text:nwk_SetConfigPollRate)
                  00017d70    00000092     drivers_cc26x2.aem4f : UARTCC26XX.oem4f (.text:UARTCC26XX_writeCancel)
                  00017e02    00000092     zd_object.obj (.text:ZDO_ParseSimpleDescBuf)
                  00017e94    00000092     libZStack_nwk_zed_ccs.a : aps_util.obj (.text:apsGenerateAck)
                  00017f26    00000002     rom_sysbios.aem4f : rom_sysbios.obj (.text:xdc_runtime_SysCallback_defaultAbort)
                  00017f28    00000090     zd_sec_mgr.obj (.text:APSME_LinkKeySet)
                  00017fb8    00000090     CC26X2R1_LAUNCHXL_fxns.obj (.text:CC26X2R1_LAUNCHXL_shutDownExtFlash)
                  00018048    00000090     libZStack_nwk_zed_ccs.a : nwk_util.obj (.text:NLME_LeaveCmdSend)
                  000180d8    00000090     nvocmp.obj (.text:NVOCMP_updateItemApi$4)
                  00018168    00000090     rf_multiMode_cc26x2.aem4f : RFCC26X2_multiMode.c.cc26x2.ccs.o (.text:RF_discardPendCmd)
                  000181f8    00000090     zd_app.obj (.text:ZDApp_LeaveReset)
                  00018288    00000090     bdb_finding_and_binding.obj (.text:bdb_ProcessIEEEAddrRsp)
                  00018318    00000090     maclib_nosecure_cc26x2_2_4g.a : mac_hl_patch.obj (.text:macCcmDecrypt)
                  000183a8    00000090                                   : mac_radio.obj (.text:macRadioUpdateChannel)
                  00018438    00000090                                   : mac_radio.obj (.text:macRadioUpdateChannelRx)
                  000184c8    00000090     libZStack_nwk_zed_ccs.a : nwk_bufs.obj (.text:nwk_SendNextDataBuf)
                  00018558    0000008c     maclib_nosecure_cc26x2_2_4g.a : mac_autopend.obj (.text:MAC_SrcMatchEnable)
                  000185e4    0000008c     libZStack_nwk_zed_ccs.a : nl_mede.obj (.text:NLME_OrphanJoinRequest)
                  00018670    0000008c     osal_port.obj (.text:OsalPort_heapMalloc$50)
                  000186fc    0000008c     osal_port.obj (.text:OsalPort_setTimer)
                  00018788    0000008c     rf_multiMode_cc26x2.aem4f : RFCC26X2_multiMode.c.cc26x2.ccs.o (.text:RF_cmdDispatchTime)
                  00018814    0000008c     maclib_nosecure_cc26x2_2_4g.a : mac_hl_patch.obj (.text:macCcmEncrypt)
                  000188a0    0000008c     libZStack_nwk_zed_ccs.a : nwk_util.obj (.text:nwkNeighborFindRandom)
                  0001892c    0000008c     rom_sysbios.aem4f : rom_sysbios.obj (.text:ti_sysbios_gates_GateMutexPri_enter__E)
                  000189b8    0000008c     zcl_port.obj (.text:zclport_registerEndpoint)
                  00018a44    0000008a     zcl.obj (.text:zclGetDataTypeLength)
                  00018ace    00000002     rom_sysbios.aem4f : rom_sysbios.obj (.text:xdc_runtime_SysCallback_defaultExit)
                  00018ad0    00000088     libZStack_nwk_zed_ccs.a : nwk_util.obj (.text:NLDE_SendMsg)
                  00018b58    00000088     driverlib.lib : osc.obj (.text:NOROM_OSCHF_AttemptToSwitchToXosc)
                  00018be0    00000088     rf_multiMode_cc26x2.aem4f : RFCC26X2_multiMode.c.cc26x2.ccs.o (.text:RF_getTxPower)
                  00018c68    00000088     drivers_cc26x2.aem4f : PowerCC26X2_calibrateRCOSC.oem4f (.text:calibrateRcoscHf2)
                  00018cf0    00000088                          : PowerCC26X2.oem4f (.text:disableLFClockQualifiers)
                  00018d78    00000088                          : PowerCC26X2_calibrateRCOSC.oem4f (.text:updateSubSecInc)
                  00018e00    00000088     zcl_port.obj (.text:zcl_HandleExternal)
                  00018e88    00000086     rtsv7M4_T_le_v4SPD16_eabi.lib : fd_cmp_t2.asm.obj (.text:__aeabi_cdrcmple)
                  00018f0e    00000002     rom_sysbios.aem4f : rom_sysbios.obj (.text:xdc_runtime_SysCallback_defaultFlush)
                  00018f10    00000084     drivers_cc26x2.aem4f : NVSSPI25X.oem4f (.text:NVSSPI25X_close)
                  00018f94    00000084     rf_multiMode_cc26x2.aem4f : RFCC26X2_multiMode.c.cc26x2.ccs.o (.text:RF_issueRadioFreeCb)
                  00019018    00000084                               : RFCC26X2_multiMode.c.cc26x2.ccs.o (.text:RF_verifyGap)
                  0001909c    00000084     drivers_cc26x2.aem4f : UARTCC26XX.oem4f (.text:UARTCC26XX_close)
                  00019120    00000084     zd_app.obj (.text:ZDApp_SaveNwkKey)
                  000191a4    00000084     zd_object.obj (.text:ZDO_ProcessPowerDescReq)
                  00019228    00000084     zd_profile.obj (.text:ZDP_BindUnbindReq)
                  000192ac    00000084     bdb.obj (.text:bdb_ProcessNodeDescRsp$40)
                  00019330    00000084     bdb_finding_and_binding.obj (.text:bdb_ProcessSimpleDesc)
                  000193b4    00000084     bdb_finding_and_binding.obj (.text:bdb_zclFindingBindingAddBindEntry$41)
                  00019438    00000084     maclib_nosecure_cc26x2_2_4g.a : mac_radio.obj (.text:macRadioStartScan)
                  000194bc    00000084                                   : mac_timer.obj (.text:macTimerUpdateSymbolTimer)
                  00019540    00000082     libZStack_nwk_zed_ccs.a : aps_mede.obj (.text:APSME_RequestKeyReq)
                  000195c2    00000082     zcl.obj (.text:zcl_SendWriteRsp)
                  00019644    00000080     cui.obj (.text:CUI_writeString$12)
                  000196c4    00000080     nvocmp.obj (.text:NVOCMP_createItemApi$4)
                  00019744    00000080     nvocmp.obj (.text:NVOCMP_deleteItemApi$4)
                  000197c4    00000080     drivers_cc26x2.aem4f : NVSCC26XX.oem4f (.text:NVSCC26XX_open)
                  00019844    00000080     osal_port.obj (.text:OsalPort_msgFindDequeue)
                  000198c4    00000080     libZStack_nwk_zed_ccs.a : rtg.obj (.text:RTG_UpdateRtDiscEntry$76)
                  00019944    00000080     bdb_reporting.obj (.text:bdb_repAttrCfgRecordsArrayAdd$42)
                  000199c4    00000080     maclib_nosecure_cc26x2_2_4g.a : mac_mcu.obj (.text:macMcuOverflowSetPeriod)
                  00019a44    00000080                                   : mac_radio.obj (.text:macRadioWakeupCb)
                  00019ac4    00000080                                   : mac_autopend.obj (.text:macSrcMatchCheckSrcAddr$85)
                  00019b44    00000080     libZStack_nwk_zed_ccs.a : nwk_bufs.obj (.text:nwk_MacDataBuffersDealloc)
                  00019bc4    00000080     zstackstartup.obj (.text:stackTaskFxn$7)
                  00019c44    00000080     rom_sysbios.aem4f : rom_sysbios.obj (.text:ti_sysbios_family_arm_cc26xx_Timer_start__E)
                  00019cc4    00000080     zcl_sampleapps_ui.obj (.text:uiActionProcessConfigurePriChannels$13)
                  00019d44    00000080     zcl_sampleapps_ui.obj (.text:uiActionProcessConfigureSecChannels$13)
                  00019dc4    00000080     zcl.obj (.text:zclFindNextCmdRec$23)
                  00019e44    0000007c     nvocmp.obj (.text:NVOCMP_readItemApi$4)
                  00019ec0    0000007c     rf_multiMode_cc26x2.aem4f : RFCC26X2_multiMode.c.cc26x2.ccs.o (.text:RF_ratFreeChannel)
                  00019f3c    0000007c     libZStack_nwk_zed_ccs.a : aps_groups.obj (.text:aps_GroupsWriteNV)
                  00019fb8    0000007c     drivers_cc26x2.aem4f : NVSSPI25X.oem4f (.text:doRead)
                  0001a034    0000007c     maclib_nosecure_cc26x2_2_4g.a : mac_mcu.obj (.text:macMcuOverflowSetCompare)
                  0001a0b0    0000007c     osal_port.obj (.text:osalHeapInitFxn)
                  0001a12c    0000007a     libZStack_nwk_zed_ccs.a : aps_mede.obj (.text:APSME_SearchTCLinkKeyEntry)
                  0001a1a6    0000007a     rtsv7M4_T_le_v4SPD16_eabi.lib : memset_t2.asm.obj (.text)
                  0001a220    00000078     libZStack_nwk_zed_ccs.a : addr_mgr.obj (.text:AddrMgrEntryLookupNwk)
                  0001a298    00000078     nvocmp.obj (.text:NVOCMP_checkItem$4)
                  0001a310    00000078     zd_app.obj (.text:ZDApp_RestoreNwkSecMaterial)
                  0001a388    00000078     zd_app.obj (.text:ZDO_JoinConfirmCB)
                  0001a400    00000078     zmac.obj (.text:ZMacScanReq)
                  0001a478    00000078     drivers_cc26x2.aem4f : NVSSPI25X.oem4f (.text:doWriteVerify)
                  0001a4f0    00000078     maclib_nosecure_cc26x2_2_4g.a : mac_hl_patch.obj (.text:macTrackStartCallback)
                  0001a568    00000076     zstacktask.obj (.text:sendBeaconNotifyInd$38)
                  0001a5de    00000002     rom_sysbios.aem4f : rom_sysbios.obj (.text:xdc_runtime_SysCallback_defaultPutch)
                  0001a5e0    00000074     drivers_cc26x2.aem4f : ADCCC26XX.oem4f (.text:ADCCC26XX_open)
                  0001a654    00000074     libZStack_nwk_zed_ccs.a : nwk_util.obj (.text:NLDE_DataIndSend)
                  0001a6c8    00000074     nvocmp.obj (.text:NVOCMP_writeItemApi$4)
                  0001a73c    00000074     drivers_cc26x2.aem4f : PowerCC26X2_calibrateRCOSC.oem4f (.text:PowerCC26X2_auxISR)
                  0001a7b0    00000074     rf_multiMode_cc26x2.aem4f : RFCC26X2_multiMode.c.cc26x2.ccs.o (.text:RF_yield)
                  0001a824    00000074     libZStack_nwk_zed_ccs.a : rtg.obj (.text:RTG_GetRtgEntry)
                  0001a898    00000074     drivers_cc26x2.aem4f : TRNGCC26XX.oem4f (.text:TRNG_construct)
                  0001a90c    00000074     zd_object.obj (.text:ZDO_ProcessActiveEPReq)
                  0001a980    00000074     zd_sec_mgr.obj (.text:ZDSecMgrReadKeyFromNv)
                  0001a9f4    00000074     libZStack_nwk_zed_ccs.a : aps_groups.obj (.text:aps_AddGroup)
                  0001aa68    00000074     maclib_nosecure_cc26x2_2_4g.a : mac_hl_patch.obj (.text:macAutoPoll)
                  0001aadc    00000074     libZStack_nwk_zed_ccs.a : nwk.obj (.text:nwkPollConfirmProcessing$72)
                  0001ab50    00000074     rom_sysbios.aem4f : rom_sysbios.obj (.text:ti_sysbios_gates_GateMutexPri_leave__E)
                  0001abc4    00000074     zd_object.obj (.text:zdoSendStateChangeMsg$57)
                  0001ac38    00000072     rf_multiMode_cc26x2.aem4f : RFCC26X2_multiMode.c.cc26x2.ccs.o (.text:RF_detachOverrides)
                  0001acaa    00000072     drivers_cc26x2.aem4f : SPICC26X2DMA.oem4f (.text:csnCallback)
                  0001ad1c    00000072     zcl_sampletemperaturesensor.obj (.text:zclSampleTemperatureSensor_ProcessIncomingMsg$10)
                  0001ad8e    00000002     zcl_sampletemperaturesensor.obj (.text:zclSampleTemperatureSensor_RemoveAppNvmData$10)
                  0001ad90    00000070     drivers_cc26x2.aem4f : AESCCMCC26XX.oem4f (.text:AESCCM_cleanup)
                  0001ae00    00000070     libZStack_nwk_zed_ccs.a : aps_mede.obj (.text:APSME_FrameSecApplyCM$66)
                  0001ae70    00000070                             : assoc_list.obj (.text:AssocGetWithAddress)
                  0001aee0    00000070     rf_multiMode_cc26x2.aem4f : rfc.c.cc26x2.ccs.o (.text:NOROM_RFCAnaDivTxOverride)
                  0001af50    00000070     drivers_cc26x2.aem4f : PINCC26XX.oem4f (.text:PIN_add)
                  0001afc0    00000070     rf_multiMode_cc26x2.aem4f : RFCC26X2_multiMode.c.cc26x2.ccs.o (.text:RF_hwiHw)
                  0001b030    00000070     libZStack_nwk_zed_ccs.a : rtg.obj (.text:RTG_SendRErr)
                  0001b0a0    00000070     drivers_cc26x2.aem4f : Random.oem4f (.text:Random_seedAutomatic)
                  0001b110    00000070     bdb.obj (.text:bdb_GenerateInstallCodeCRC)
                  0001b180    00000070     maclib_nosecure_cc26x2_2_4g.a : mac_tx.obj (.text:txComplete)
                  0001b1f0    0000006e     rf_multiMode_cc26x2.aem4f : RFCC26X2_multiMode.c.cc26x2.ccs.o (.text:RF_attachOverrides)
                  0001b25e    0000006e                               : RFCC26X2_multiMode.c.cc26x2.ccs.o (.text:RF_howToSchedule)
                  0001b2cc    0000006e     zstacktask.obj (.text:processZdoUnbindReq$38)
                  0001b33a    0000006e     rtsv7M4_T_le_v4SPD16_eabi.lib : ll_div_t2.asm.obj (.text)
                  0001b3a8    0000006d     rom_sysbios.aem4f : rom_sysbios.obj (.text:xdc_runtime_System_formatNum__I)
                  0001b415    00000003     --HOLE-- [fill = 0]
                  0001b418    0000006c     libZStack_nwk_zed_ccs.a : aps_mede.obj (.text:APSME_LinkKeySync$66)
                  0001b484    0000006c                             : aps_mede.obj (.text:APSME_LookupExtAddr)
                  0001b4f0    0000006c     rf_multiMode_cc26x2.aem4f : RFCC26X2_multiMode.c.cc26x2.ccs.o (.text:RF_getCurrentTime)
                  0001b55c    0000006c                               : RFCC26X2_multiMode.c.cc26x2.ccs.o (.text:RF_ratDisableChannel)
                  0001b5c8    0000006c     zd_object.obj (.text:ZDO_ParseAddrRsp)
                  0001b634    0000006c     zd_sec_mgr.obj (.text:ZDSecMgrWriteNV$59)
                  0001b6a0    0000006c     bdb.obj (.text:bdb_parentLost)
                  0001b70c    0000006c     maclib_nosecure_cc26x2_2_4g.a : mac_radio_tx.obj (.text:macRadioTxPrepCsmaSlottedIeee)
                  0001b778    0000006c                                   : mac_radio_tx.obj (.text:macRadioTxPrepCsmaUnslottedIeee)
                  0001b7e4    0000006c                                   : mac_timer.obj (.text:macTimerRealign)
                  0001b850    0000006c                                   : mac_hl_patch.obj (.text:macTrackPeriodCallback)
                  0001b8bc    0000006c     libZStack_nwk_zed_ccs.a : nwk_util.obj (.text:nwk_GetConfigPollRate)
                  0001b928    0000006c     zcl_sampleapps_ui.obj (.text:uiActionProcessConfigureBdbModes$13)
                  0001b994    0000006c     zcl_sampleapps_ui.obj (.text:uiProcessIdentifyTimeChange)
                  0001ba00    0000006c     zcl_general.obj (.text:zclGeneral_HdlIncoming$24)
                  0001ba6c    0000006c     zcl_sampletemperaturesensor.obj (.text:zclSampleTemperatureSensor_UpdateStatusLine)
                  0001bad8    0000006a     libZStack_nwk_zed_ccs.a : rtg.obj (.text:RTG_CheckRtStatus)
                  0001bb42    00000002     --HOLE-- [fill = 0]
                  0001bb44    00000068                             : aps_mede_cb.obj (.text:APSME_ConfirmKeyInd)
                  0001bbac    00000068                             : addr_mgr.obj (.text:AddrMgrEntryLookupExt)
                  0001bc14    00000068     nvocmp.obj (.text:NVOCMP_findOffset$4)
                  0001bc7c    00000068     nvocmp.obj (.text:NVOCMP_findSignature$4)
                  0001bce4    00000068     osal_port.obj (.text:OsalPort_registerTask)
                  0001bd4c    00000068     zd_profile.obj (.text:ZDP_EPRsp)
                  0001bdb4    00000068     binding_table.obj (.text:bindRemoveDev)
                  0001be1c    00000068     rtsv7M4_T_le_v4SPD16_eabi.lib : copy_decompress_lzss.c.obj (.text:decompress:lzss:__TI_decompress_lzss)
                  0001be84    00000068     maclib_nosecure_cc26x2_2_4g.a : mac_rx.obj (.text:macRxHaltCleanup)
                  0001beec    00000068                                   : mac_rx_onoff.obj (.text:macRxOn)
                  0001bf54    00000066     zstacktask.obj (.text:processSecApsLinkKeyRemoveReq$38)
                  0001bfba    00000002     --HOLE-- [fill = 0]
                  0001bfbc    00000064     drivers_cc26x2.aem4f : ADCCC26XX.oem4f (.text:ADCCC26XX_convertToMicroVolts)
                  0001c020    00000064                          : AESCCMCC26XX.oem4f (.text:AESCCM_waitForResult)
                  0001c084    00000064                          : AESECBCC26XX.oem4f (.text:AESECB_waitForResult)
                  0001c0e8    00000064     libZStack_nwk_zed_ccs.a : aps_mede.obj (.text:APSME_CmdPkt)
                  0001c14c    00000064     drivers_cc26x2.aem4f : Button.oem4f (.text:Button_gpioCallbackFxn)
                  0001c1b0    00000064     libZStack_nwk_zed_ccs.a : nl_mede.obj (.text:NLME_GetRequest)
                  0001c214    00000064     driverlib.lib : osc.obj (.text:NOROM_OSCHF_SwitchToRcOscTurnOffXosc)
                  0001c278    00000064                   : osc.obj (.text:NOROM_OSC_HPOSCRtcCompensate)
                  0001c2dc    00000064     nvocmp.obj (.text:NVOCMP_copyItem$4)
                  0001c340    00000064     osal_port.obj (.text:OsalPort_clearEvent)
                  0001c3a4    00000064     osal_port.obj (.text:OsalPort_pwrmgrTaskState)
                  0001c408    00000064     rf_multiMode_cc26x2.aem4f : RFCC26X2_multiMode.c.cc26x2.ccs.o (.text:RF_dispatchNextEvent)
                  0001c46c    00000064     drivers_cc26x2.aem4f : UARTCC26XX.oem4f (.text:UARTCC26XX_control)
                  0001c4d0    00000064     zd_app.obj (.text:ZDApp_StoreNwkSecMaterial)
                  0001c534    00000064     zstackapi.obj (.text:Zstackapi_sysNwkInfoReadReq)
                  0001c598    00000064     maclib_nosecure_cc26x2_2_4g.a : mac_timer.obj (.text:macSymbolTimerRolloverCallback)
                  0001c5fc    00000064                                   : mac_timer.obj (.text:macTimerAddTimer)
                  0001c660    00000064     libZStack_nwk_zed_ccs.a : nwk.obj (.text:nwk_BeaconToNative)
                  0001c6c4    00000064     zstackapi.obj (.text:sendReqDefaultRsp$8)
                  0001c728    00000064     zstackapi.obj (.text:sendReqRsp$8)
                  0001c78c    00000064     zcl.obj (.text:zclFindNextAttrRec$23)
                  0001c7f0    00000062     libZStack_nwk_zed_ccs.a : aps.obj (.text:APS_ReflectMonitor$63)
                  0001c852    00000062     drivers_cc26x2.aem4f : UARTCC26XX.oem4f (.text:UARTCC26XX_swiIntFxn)
                  0001c8b4    00000062     zstacktask.obj (.text:sendIeeeAddrRspInd$38)
                  0001c916    00000062     zstacktask.obj (.text:sendNwkAddrRspInd$38)
                  0001c978    00000060     drivers_cc26x2.aem4f : AESCCMCC26XX.oem4f (.text:AESCCM_hwiFxn)
                  0001c9d8    00000060                          : AESECBCC26XX.oem4f (.text:AESECB_hwiFxn)
                  0001ca38    00000060                          : CryptoResourceCC26XX.oem4f (.text:CryptoResourceCC26XX_constructRTOSObjects)
                  0001ca98    00000060                          : GPIOCC26XX.oem4f (.text:GPIO_write)
                  0001caf8    00000060     libZStack_nwk_zed_ccs.a : nl_mede.obj (.text:NLME_NwkDiscReq2)
                  0001cb58    00000060     rf_multiMode_cc26x2.aem4f : RFCC26X2_multiMode.c.cc26x2.ccs.o (.text:RF_applyRfCorePatch)
                  0001cbb8    00000060     drivers_cc26x2.aem4f : TRNGCC26XX.oem4f (.text:TRNGCC26XX_startTrng)
                  0001cc18    00000060     zd_profile.obj (.text:ZDP_NwkAddrReq)
                  0001cc78    00000060     bdb_finding_and_binding.obj (.text:bdb_SendIdentifyQuery)
                  0001ccd8    00000060     maclib_nosecure_cc26x2_2_4g.a : mac_radio.obj (.text:macGetRadioTxPowerReg)
                  0001cd38    00000060                                   : mac_timer.obj (.text:macTimerCancel)
                  0001cd98    00000060                                   : mac_timer.obj (.text:macTimerGetNextTimer)
                  0001cdf8    0000005e     libZStack_nwk_zed_ccs.a : ssp_hash.obj (.text:SSP_KeyedHash)
                  0001ce56    0000005e     zmac.obj (.text:convertTxOptions)
                  0001ceb4    0000005e     zstacktask.obj (.text:sendZdoSrcRtgInd$38)
                  0001cf12    00000002     --HOLE-- [fill = 0]
                  0001cf14    0000005c     libZStack_nwk_zed_ccs.a : nwk_util.obj (.text:NLME_SendEndDevTimeoutReq)
                  0001cf70    0000005c     nvocmp.obj (.text:NVOCMP_readItem$4)
                  0001cfcc    0000005c     osal_port.obj (.text:OsalPort_msgReceive)
                  0001d028    0000005c     osal_port.obj (.text:OsalPort_setEvent)
                  0001d084    0000005c     drivers_cc26x2.aem4f : PINCC26XX.oem4f (.text:PIN_remove)
                  0001d0e0    0000005c     rf_multiMode_cc26x2.aem4f : RFCC26X2_multiMode.c.cc26x2.ccs.o (.text:RF_syncCb)
                  0001d13c    0000005c     libZStack_nwk_zed_ccs.a : rtg.obj (.text:RTG_GetRtgSrcIndex$76)
                  0001d198    0000005c     drivers_cc26x2.aem4f : NVSCC26XX.oem4f (.text:doErase)
                  0001d1f4    0000005c     zd_profile.obj (.text:fillAndSend$58)
                  0001d250    0000005c     drivers_cc26x2.aem4f : SPICC26X2DMA.oem4f (.text:initHw)
                  0001d2ac    0000005c     libZStack_nwk_zed_ccs.a : nwk.obj (.text:nwk_BeaconFromNative)
                  0001d308    0000005c     zstacktask.obj (.text:processApsAddGroup$38)
                  0001d364    0000005c     zstacktask.obj (.text:sendActiveEPRspInd$38)
                  0001d3c0    0000005c     zstacktask.obj (.text:sendMatchDescRspInd$38)
                  0001d41c    0000005c     app_pem4f.oem4f (.text:xdc_runtime_Startup_getState__I)
                  0001d478    00000058     libZStack_nwk_zed_ccs.a : addr_mgr.obj (.text:AddrMgrEntryAdd$62)
                  0001d4d0    00000058                             : nl_mede.obj (.text:NLME_NetworkDiscoveryRequest)
                  0001d528    00000058     nvocmp.obj (.text:NVOCMP_getItemLenApi$4)
                  0001d580    00000058     osal_port_timers.obj (.text:OsalPortTimers_stopTimer)
                  0001d5d8    00000058     drivers_cc26x2.aem4f : PowerCC26X2_calibrateRCOSC.oem4f (.text:PowerCC26X2_initiateCalibration)
                  0001d630    00000058     rf_multiMode_cc26x2.aem4f : RFCC26X2_multiMode.c.cc26x2.ccs.o (.text:RF_TxPowerTable_findValue)
                  0001d688    00000058                               : RFCC26X2_multiMode.c.cc26x2.ccs.o (.text:RF_fsmXOSCState)
                  0001d6e0    00000058                               : RFCC26X2_multiMode.c.cc26x2.ccs.o (.text:RF_hwiCpe0PowerFsm)
                  0001d738    00000058     drivers_cc26x2.aem4f : TRNGCC26XX.oem4f (.text:TRNG_init)
                  0001d790    00000058     zd_profile.obj (.text:ZDP_MgmtPermitJoinReq)
                  0001d7e8    00000058     zd_sec_mgr.obj (.text:ZDSecMgrGenerateKeyFromSeed)
                  0001d840    00000058     boot.aem4f : boot.oem4f (.text)
                  0001d898    00000058     drivers_cc26x2.aem4f : NVSSPI25X.oem4f (.text:extFlashWaitReady)
                  0001d8f0    00000058     maclib_nosecure_cc26x2_2_4g.a : mac_radio.obj (.text:macRadioSetChannelRx)
                  0001d948    00000058     osal_nv.obj (.text:osal_nv_item_init_ex)
                  0001d9a0    00000058     osal_port_timers.obj (.text:timerCb$51)
                  0001d9f8    00000058     zcl_sampletemperaturesensor.obj (.text:zclSampleTemperatureSensor_initialization$10)
                  0001da50    00000056     rf_multiMode_cc26x2.aem4f : RFCC26X2_multiMode.c.cc26x2.ccs.o (.text:RF_defaultSubmitPolicy)
                  0001daa6    00000056     zd_sec_mgr.obj (.text:ZDSecMgrAuthenticationCheck)
                  0001dafc    00000054     drivers_cc26x2.aem4f : AESCCMCC26XX.oem4f (.text:AESCCM_construct)
                  0001db50    00000054                          : AESECBCC26XX.oem4f (.text:AESECB_construct)
                  0001dba4    00000054     driverlib.lib : chipinfo.obj (.text:NOROM_ChipInfo_GetChipType)
                  0001dbf8    00000054     nvocmp.obj (.text:NVOCMP_doNVCRC$4)
                  0001dc4c    00000054     drivers_cc26x2.aem4f : NVSCC26XX.oem4f (.text:NVSCC26XX_init)
                  0001dca0    00000054                          : StructRingBuf.oem4f (.text:StructRingBuf_put)
                  0001dcf4    00000054     bdb.obj (.text:bdb_ZclIdentifyCmdInd)
                  0001dd48    00000054     maclib_nosecure_cc26x2_2_4g.a : mac_radio.obj (.text:macRadioSetChannel)
                  0001dd9c    00000054                                   : mac_tx.obj (.text:macTxDoneCallback)
                  0001ddf0    00000054     zcl_sampletemperaturesensor.obj (.text:zclSampleTemperatureSensor_initParameters$10)
                  0001de44    00000054     zglobals.obj (.text:zgInitItems)
                  0001de98    00000052     zstacktask.obj (.text:processSecNwkKeyGetReq$38)
                  0001deea    00000002     --HOLE-- [fill = 0]
                  0001deec    00000051     zcl_sampleapps_ui.obj (.text:uiActionProcessConfigureFindBind$13)
                  0001df3d    00000003     --HOLE-- [fill = 0]
                  0001df40    00000050     libZStack_nwk_zed_ccs.a : aps_mede.obj (.text:APSME_LookupNwkAddr)
                  0001df90    00000050                             : addr_mgr.obj (.text:AddrMgrEntryGet)
                  0001dfe0    00000050     zstacktask.obj (.text:BDBBindNotificationsendMsgToAllCBs$38)
                  0001e030    00000050     dpl_cc26x2.aem4f : ClockP_tirtos.oem4f (.text:ClockP_construct)
                  0001e080    00000050                      : ClockP_tirtos.oem4f (.text:ClockP_create)
                  0001e0d0    00000050     drivers_cc26x2.aem4f : GPIOCC26XX.oem4f (.text:GPIO_enableInt)
                  0001e120    00000050                          : LED.oem4f (.text:LED_startBlinking)
                  0001e170    00000050     rf_multiMode_cc26x2.aem4f : RFCC26X2_multiMode.c.cc26x2.ccs.o (.text:RF_wakeupNotification)
                  0001e1c0    00000050     drivers_cc26x2.aem4f : SPICC26X2DMA.oem4f (.text:SPICC26X2DMA_close)
                  0001e210    00000050     libZStack_nwk_zed_ccs.a : ssp.obj (.text:SSP_GetNwkKey)
                  0001e260    00000050     drivers_cc26x2.aem4f : TRNGCC26XX.oem4f (.text:TRNGCC26XX_waitForResult)
                  0001e2b0    00000050     bdb.obj (.text:bdb_nwkJoiningFormation$40)
                  0001e300    00000050     drivers_cc26x2.aem4f : NVSSPI25X.oem4f (.text:extFlashSpiWrite)
                  0001e350    00000050     maclib_nosecure_cc26x2_2_4g.a : mac_sleep.obj (.text:macCanSleep)
                  0001e3a0    00000050                                   : mac_rx_onoff.obj (.text:macRxDisable)
                  0001e3f0    00000050                                   : mac_timer.obj (.text:macTimerStart)
                  0001e440    00000050     libZStack_nwk_zed_ccs.a : nwk.obj (.text:nwk_init)
                  0001e490    00000050                             : nwk.obj (.text:nwk_scan_cnf_processing$72)
                  0001e4e0    00000050     osal_nv.obj (.text:osal_nv_delete_ex)
                  0001e530    00000050     zstacktask.obj (.text:sendLeaveInd$38)
                  0001e580    0000004f     zcl_sampleapps_ui.obj (.text:uiActionProcessConfigureNwkSteering$13)
                  0001e5cf    00000001     --HOLE-- [fill = 0]
                  0001e5d0    0000004e     libZStack_nwk_zed_ccs.a : aps_mede.obj (.text:APSME_SetDefaultKey)
                  0001e61e    0000004e                             : rtg.obj (.text:RTG_SendBrokenRoute)
                  0001e66c    0000004e                             : aps_util.obj (.text:apsAckFindMatchCB$68)
                  0001e6ba    0000004e     zstacktask.obj (.text:processSecNwkKeySetReq$38)
                  0001e708    0000004c     zstacktask.obj (.text:BDBsendMsgToAllCBs$38)
                  0001e754    0000004c     nvocmp.obj (.text:NVOCMP_setItemInactive$4)
                  0001e7a0    0000004c     osal_port.obj (.text:OsalPort_msgSend)
                  0001e7ec    0000004c     drivers_cc26x2.aem4f : StructRingBuf.oem4f (.text:StructRingBuf_get)
                  0001e838    0000004c                          : UARTCC26XX.oem4f (.text:UARTCC26XX_readCancel)
                  0001e884    0000004c                          : UDMACC26XX.oem4f (.text:UDMACC26XX_open)
                  0001e8d0    0000004c     af.obj (.text:afDelete)
                  0001e91c    0000004c     libZStack_nwk_zed_ccs.a : aps_groups.obj (.text:aps_GroupsRestoreFromNV)
                  0001e968    0000004c     bdb_finding_and_binding.obj (.text:bdb_SetIdentifyActiveEndpoint)
                  0001e9b4    0000004c     rtsv7M4_T_le_v4SPD16_eabi.lib : cpy_tbl.c.obj (.text:copy_in)
                  0001ea00    0000004c     libZStack_nwk_zed_ccs.a : nwk_bufs.obj (.text:nwkDB_DeleteRecAll)
                  0001ea4c    0000004c     osal_port.obj (.text:osalHeapGetStatsFxn)
                  0001ea98    0000004c     osal_nv.obj (.text:osal_nv_read_match_entry)
                  0001eae4    0000004c     drivers_cc26x2.aem4f : UARTCC26XX.oem4f (.text:startTxFifoEmptyClk)
                  0001eb30    0000004c                          : PowerCC26X2.oem4f (.text:switchXOSCHF)
                  0001eb7c    0000004c     zcl.obj (.text:zclParseInWriteRspCmd$23)
                  0001ebc8    0000004a     zcl.obj (.text:zclFindAttrRec)
                  0001ec12    0000004a     zcl.obj (.text:zclParseInDiscAttrsExtRspCmd$23)
                  0001ec5c    00000048     libZStack_nwk_zed_ccs.a : addr_mgr.obj (.text:AddrMgrEntrySet$62)
                  0001eca4    00000048     CC26X2R1_LAUNCHXL_fxns.obj (.text:CC26X2R1_LAUNCHXL_wakeUpExtFlash)
                  0001ecec    00000048     cui.obj (.text:CUI_btnResourceRequest)
                  0001ed34    00000048     cui.obj (.text:CUI_ledOff)
                  0001ed7c    00000048     cui.obj (.text:CUI_ledOn)
                  0001edc4    00000048     cui.obj (.text:CUI_updateCursor$12)
                  0001ee0c    00000048     rf_multiMode_cc26x2.aem4f : rfc.c.cc26x2.ccs.o (.text:NOROM_RFCSynthPowerDown)
                  0001ee54    00000048     nvocmp.obj (.text:NVOCMP_write$4)
                  0001ee9c    00000048     drivers_cc26x2.aem4f : NVSSPI25X.oem4f (.text:NVSSPI25X_read)
                  0001eee4    00000048                          : NVS.oem4f (.text:NVS_open)
                  0001ef2c    00000048                          : PINCC26XX.oem4f (.text:PIN_setOutputEnable)
                  0001ef74    00000048                          : PowerCC26X2_calibrateRCOSC.oem4f (.text:PowerCC26X2_RCOSC_clockFunc)
                  0001efbc    00000048                          : PowerCC26X2.oem4f (.text:PowerCC26XX_switchXOSC_HF)
                  0001f004    00000048     util_timer.obj (.text:Timer_construct)
                  0001f04c    00000048     cui.obj (.text:UartReadCallback$12)
                  0001f094    00000048     mac_util.obj (.text:Util_itoa)
                  0001f0dc    00000048     zd_app.obj (.text:ZDApp_AnnounceNewAddress)
                  0001f124    00000048     zd_app.obj (.text:ZDApp_LeaveUpdate)
                  0001f16c    00000048     zd_profile.obj (.text:ZDO_RegisterForZDOMsg)
                  0001f1b4    00000048     zd_sec_mgr.obj (.text:ZDSecMgrClearNVKeyValues)
                  0001f1fc    00000048     af.obj (.text:afDataReqMTU)
                  0001f244    00000048     bdb_reporting.obj (.text:bdb_clusterEndpointArrayIncrementAll$42)
                  0001f28c    00000048     bdb_finding_and_binding.obj (.text:bdb_setEpDescListToActiveEndpoint)
                  0001f2d4    00000048     binding_table.obj (.text:bindAddressClear)
                  0001f31c    00000048     drivers_cc26x2.aem4f : NVSCC26XX.oem4f (.text:disableFlashCache)
                  0001f364    00000048                          : NVSSPI25X.oem4f (.text:extFlashMassErase)
                  0001f3ac    00000048     cui.obj (.text:handleButtonCallback$12)
                  0001f3f4    00000048     zstacktask.obj (.text:isDevicePartOfNetwork$38)
                  0001f43c    00000048     maclib_nosecure_cc26x2_2_4g.a : mac_radio.obj (.text:macRadioNeedAdjustPower)
                  0001f484    00000048                                   : mac_timer.obj (.text:macTimerUpdActive)
                  0001f4cc    00000048     libZStack_nwk_zed_ccs.a : nwk_util.obj (.text:nlmeAddConflictedAddrTable$74)
                  0001f514    00000048                             : nwk.obj (.text:nwkBuildDataCnf)
                  0001f55c    00000048     zstacktask.obj (.text:sendDeviceAnnounceInd$38)
                  0001f5a4    00000048     drivers_cc26x2.aem4f : UARTCC26XX.oem4f (.text:writeFinishedDoCallback)
                  0001f5ec    00000046                          : RingBuf.oem4f (.text:RingBuf_put)
                  0001f632    00000002     --HOLE-- [fill = 0]
                  0001f634    00000044                          : ADC.oem4f (.text:ADC_init)
                  0001f678    00000044     zstacktask.obj (.text:BDBFilterNwkDescriptorsendMsgCB$38)
                  0001f6bc    00000044     cui.obj (.text:CUI_ledAssert$12)
                  0001f700    00000044     drivers_cc26x2.aem4f : GPIOCC26XX.oem4f (.text:GPIO_disableInt)
                  0001f744    00000044     maclib_nosecure_cc26x2_2_4g.a : mac_timer.obj (.text:MAC_PwrNextTimeout)
                  0001f788    00000044     driverlib.lib : chipinfo.obj (.text:NOROM_ChipInfo_GetHwRevision)
                  0001f7cc    00000044     drivers_cc26x2.aem4f : NVSCC26XX.oem4f (.text:NVSCC26XX_read)
                  0001f810    00000044                          : PINCC26XX.oem4f (.text:PIN_swi)
                  0001f854    00000044                          : PWM.oem4f (.text:PWM_init)
                  0001f898    00000044     libZStack_nwk_zed_ccs.a : rtg.obj (.text:RTG_MTORouteReq)
                  0001f8dc    00000044     drivers_cc26x2.aem4f : SPI.oem4f (.text:SPI_init)
                  0001f920    00000044                          : UART.oem4f (.text:UART_init)
                  0001f964    00000044     zd_app.obj (.text:ZDApp_RestoreNwkKey)
                  0001f9a8    00000044     zd_profile.obj (.text:ZDP_MgmtLeaveReq)
                  0001f9ec    00000044     zd_profile.obj (.text:ZDP_SendData)
                  0001fa30    00000044     bdb_reporting.obj (.text:bdb_RepLoadCfgRecords$42)
                  0001fa74    00000044     bdb.obj (.text:bdb_SendMsg)
                  0001fab8    00000044     bdb.obj (.text:bdb_addInstallCode)
                  0001fafc    00000044     bdb_reporting.obj (.text:bdb_clusterEndpointArrayUpdateAt$42)
                  0001fb40    00000044     bdb_reporting.obj (.text:bdb_repAttrDefaultCfgRecordsLinkedListSearch$42)
                  0001fb84    00000044     maclib_nosecure_cc26x2_2_4g.a : mac_rx_onoff.obj (.text:macRxOffRequest)
                  0001fbc8    00000044                                   : mac_tx.obj (.text:macTxTimestampCallback)
                  0001fc0c    00000044     libZStack_nwk_zed_ccs.a : rtg.obj (.text:rtgIsValidNeighbor$76)
                  0001fc50    00000044     zcl.obj (.text:zclParseInDiscAttrsRspCmd$23)
                  0001fc94    00000044     zstacktask.obj (.text:zdoNwkDiscCnfCB$38)
                  0001fcd8    00000042     drivers_cc26x2.aem4f : SPICC26X2DMA.oem4f (.text:SPICC26X2DMA_swiFxn)
                  0001fd1a    00000042     zcl.obj (.text:zclParseInReadReportCfgCmd)
                  0001fd5c    00000040     libZStack_nwk_zed_ccs.a : aps_mede.obj (.text:APSDE_FrameSend)
                  0001fd9c    00000040                             : aps_mede.obj (.text:APSME_GetRequest)
                  0001fddc    00000040     zstacktask.obj (.text:BDBIdentifyTimesendMsgToAllCBs$38)
                  0001fe1c    00000040     libZStack_nwk_zed_ccs.a : nwk_util.obj (.text:NLME_IsAddressBroadcast)
                  0001fe5c    00000040                             : nl_mede.obj (.text:NLME_LeaveReq)
                  0001fe9c    00000040                             : nwk_util.obj (.text:NLME_ProcessNetworkStatus)
                  0001fedc    00000040     nvocmp.obj (.text:NVOCMP_compactNvApi$4)
                  0001ff1c    00000040     osal_port_timers.obj (.text:OsalPortTimers_getTimerTimeout)
                  0001ff5c    00000040     drivers_cc26x2.aem4f : PWM.oem4f (.text:PWM_open)
                  0001ff9c    00000040                          : PowerCC26X2.oem4f (.text:PowerCC26XX_isStableXOSC_HF)
                  0001ffdc    00000040                          : Random.oem4f (.text:Random_getNumber)
                  0002001c    00000040                          : RingBuf.oem4f (.text:RingBuf_get)
                  0002005c    00000040                          : SPI.oem4f (.text:SPI_open)
                  0002009c    00000040                          : TRNGCC26XX.oem4f (.text:TRNGCC26XX_copyToClient)
                  000200dc    00000040                          : UART.oem4f (.text:UART_open)
                  0002011c    00000040     zd_sec_mgr.obj (.text:ZDSecMgrUpdateTCAddress)
                  0002015c    00000040     bdb.obj (.text:bdb_nwkAssocAttemt)
                  0002019c    00000040     maclib_nosecure_cc26x2_2_4g.a : mac_low_level.obj (.text:macLowLevelYield)
                  000201dc    00000040                                   : mac.obj (.text:macRatCb_B)
                  0002021c    00000040                                   : mac_autopend.obj (.text:macSrcMatchSetEnableBit$85)
                  0002025c    00000040                                   : mac_symbol_timer.obj (.text:macSymbolTimerRealignIeee)
                  0002029c    00000040                                   : mac_symbol_timer.obj (.text:macSymbolTimerSetTrigger)
                  000202dc    00000040     osal_nv.obj (.text:osal_nv_read_ex)
                  0002031c    00000040     rtsv7M4_T_le_v4SPD16_eabi.lib : u_divt2.asm.obj (.text)
                  0002035c    00000040     rom_sysbios.aem4f : rom_sysbios.obj (.text:ti_sysbios_family_arm_cc26xx_Timer_setThreshold__I)
                  0002039c    00000040                       : rom_sysbios.obj (.text:ti_sysbios_heaps_HeapCallback_Module_startup__E)
                  000203dc    00000040     zcl_sampleapps_ui.obj (.text:uiActionResetToFactoryNew$13)
                  0002041c    00000040     zcl_general.obj (.text:zclGeneral_AddGroup$24)
                  0002045c    00000040     zcl_general.obj (.text:zclGeneral_SendGroupResponse)
                  0002049c    0000003e     dpl_cc26x2.aem4f : HwiP_tirtos.oem4f (.text:HwiP_construct)
                  000204da    0000003e     drivers_cc26x2.aem4f : LED.oem4f (.text:LED_setBrightnessLevel)
                  00020518    0000003e     libZStack_nwk_zed_ccs.a : nl_mede.obj (.text:NLDE_DataReqAlloc)
                  00020556    0000003e                             : nwk_util.obj (.text:NLDE_ParseFrameControl)
                  00020594    0000003e     osal_port.obj (.text:OsalPort_msgEnqueueMax)
                  000205d2    0000003e     zstacktask.obj (.text:sendTcDeviceInd$38)
                  00020610    0000003c     drivers_cc26x2.aem4f : ADCCC26XX.oem4f (.text:ADCCC26XX_close)
                  0002064c    0000003c     zstacktask.obj (.text:BDBCBKETCLinkKeyExchangesendMsgCB$38)
                  00020688    0000003c     drivers_cc26x2.aem4f : LED.oem4f (.text:LED_setOff)
                  000206c4    0000003c     maclib_nosecure_cc26x2_2_4g.a : mac_pwr.obj (.text:MAC_PwrOnReq)
                  00020700    0000003c     nvocmp.obj (.text:NVOCMP_disableCache$4)
                  0002073c    0000003c     libZStack_nwk_zed_ccs.a : nwk.obj (.text:NwkPollReq)
                  00020778    0000003c     osal_port.obj (.text:OsalPort_blockOnEvent)
                  000207b4    0000003c     drivers_cc26x2.aem4f : PINCC26XX.oem4f (.text:PIN_setInterrupt)
                  000207f0    0000003c                          : PINCC26XX.oem4f (.text:PIN_setOutputValue)
                  0002082c    0000003c     rf_multiMode_cc26x2.aem4f : RFCC26X2_multiMode.c.cc26x2.ccs.o (.text:RF_cmdGet)
                  00020868    0000003c                               : RFCC26X2_multiMode.c.cc26x2.ccs.o (.text:RF_cmdStoreEvents)
                  000208a4    0000003c     dpl_cc26x2.aem4f : SwiP_tirtos.oem4f (.text:SwiP_construct)
                  000208e0    0000003c     zd_sec_mgr.obj (.text:ZDSecMgrApsLinkKeyInit)
                  0002091c    0000003c     zmac.obj (.text:ZMacPollReq)
                  00020958    0000003c     zmac.obj (.text:ZMacReset)
                  00020994    0000003c     zmac.obj (.text:ZMacSetReq)
                  000209d0    0000003c     libZStack_nwk_zed_ccs.a : aps_groups.obj (.text:aps_RemoveAllGroup)
                  00020a0c    0000003c                             : aps_groups.obj (.text:aps_RemoveGroup)
                  00020a48    0000003c     bdb.obj (.text:bdb_nwkDiscoveryAttempt)
                  00020a84    0000003c     binding_table.obj (.text:bindFind)
                  00020ac0    0000003c     drivers_cc26x2.aem4f : NVSCC26XX.oem4f (.text:checkEraseRange)
                  00020afc    0000003c     maclib_nosecure_cc26x2_2_4g.a : mac_radio.obj (.text:macRadioStopScan)
                  00020b38    0000003c                                   : mac_timer.obj (.text:macTimerRecalcUnaligned)
                  00020b74    0000003c                                   : mac_tx.obj (.text:macTxUpdateIE)
                  00020bb0    0000003c     libZStack_nwk_zed_ccs.a : nwk_util.obj (.text:nwkNeighborRemoveStranded$74)
                  00020bec    0000003c     zstacktask.obj (.text:sendZdoConcentratorInd$38)
                  00020c28    0000003c     rom_sysbios.aem4f : rom_sysbios.obj (.text:ti_sysbios_family_arm_m3_Hwi_construct2__E)
                  00020c64    0000003c     zcl.obj (.text:zclFindClusterOption$23)
                  00020ca0    0000003c     zcl.obj (.text:zclParseInReadCmd)
                  00020cdc    0000003c     zcl.obj (.text:zcl_SendDefaultRspCmd)
                  00020d18    0000003a     drivers_cc26x2.aem4f : NVSSPI25X.oem4f (.text:checkEraseRange)
                  00020d52    0000003a     zcl.obj (.text:zcl_ReadAttrData)
                  00020d8c    00000038     cui.obj (.text:CUI_menuActionNavigate$12)
                  00020dc4    00000038     driverlib.lib : osc.obj (.text:NOROM_OSC_HPOSCRelativeFrequencyOffsetGet)
                  00020dfc    00000038     nvocmp.obj (.text:NVOCMP_findPage$4)
                  00020e34    00000038     drivers_cc26x2.aem4f : PINCC26XX.oem4f (.text:PIN_setConfig)
                  00020e6c    00000038     rf_multiMode_cc26x2.aem4f : RFCC26X2_multiMode.c.cc26x2.ccs.o (.text:RF_checkCmdFsError)
                  00020ea4    00000038                               : RFCC26X2_multiMode.c.cc26x2.ccs.o (.text:RF_powerConstraintRelease)
                  00020edc    00000038     zd_profile.obj (.text:ZDP_DeviceAnnce)
                  00020f14    00000038     af.obj (.text:afDataConfirm)
                  00020f4c    00000038     libZStack_nwk_zed_ccs.a : aps_groups.obj (.text:aps_FindGroupForEndpoint)
                  00020f84    00000038     bdb_reporting.obj (.text:bdb_repAttrCfgRecordsArraySearch$42)
                  00020fbc    00000038     zstacktask.obj (.text:epTableAddNewEntry$38)
                  00020ff4    00000038     maclib_nosecure_cc26x2_2_4g.a : mac_timer.obj (.text:macTimerAligned)
                  0002102c    00000038                                   : mac_timer.obj (.text:macTimerInit)
                  00021064    00000038                                   : mac_timer.obj (.text:macTimerSetRollover)
                  0002109c    00000038     drivers_cc26x2.aem4f : PowerCC26X2.oem4f (.text:notify)
                  000210d4    00000038     libZStack_nwk_zed_ccs.a : nwk.obj (.text:nwkApplyNwkSec$72)
                  0002110c    00000038                             : nwk_util.obj (.text:nwkNeighborFindEmptySlot)
                  00021144    00000038     drivers_cc26x2.aem4f : UARTCC26XX.oem4f (.text:readData)
                  0002117c    00000038     libZStack_nwk_zed_ccs.a : ssp_hash.obj (.text:sspAesEncrypt)
                  000211b4    00000038     rom_sysbios.aem4f : rom_sysbios.obj (.text:ti_sysbios_family_arm_cc26xx_Timer_getCurrentTick__E)
                  000211ec    00000038     drivers_cc26x2.aem4f : UARTCC26XX.oem4f (.text:writeData)
                  00021224    00000038     zcl.obj (.text:zclWriteAttrDataUsingCB$23)
                  0002125c    00000038     zcl.obj (.text:zcl_DeviceOperational$23)
                  00021294    00000038     zcl.obj (.text:zcl_registerPlugin)
                  000212cc    00000038     zglobals.obj (.text:zgWriteStartupOptions)
                  00021304    00000036     zmac.obj (.text:ApiMac_convertCapabilityInfo)
                  0002133a    00000036     drivers_cc26x2.aem4f : LED.oem4f (.text:LED_setOn)
                  00021370    00000036                          : UDMACC26XX.oem4f (.text:UDMACC26XX_close)
                  000213a6    00000036     binding_table.obj (.text:bindingAddrMgsHelperFind)
                  000213dc    00000036     drivers_cc26x2.aem4f : LED.oem4f (.text:clockTimeoutHandler)
                  00021412    00000036     rom_sysbios.aem4f : rom_sysbios.obj (.text:ti_sysbios_family_arm_cc26xx_Timer_setNextTick__E)
                  00021448    00000034     libZStack_nwk_zed_ccs.a : aps_frag.obj (.text:APSF_AddObj$64)
                  0002147c    00000034     binding_table.obj (.text:BindRestoreFromNV)
                  000214b0    00000034     cui.obj (.text:CUI_btnSetCb)
                  000214e4    00000034     libZStack_nwk_zed_ccs.a : nwk_util.obj (.text:NLME_SendNetworkStatus)
                  00021518    00000034                             : nwk_util.obj (.text:NLME_SetUpdateID)
                  0002154c    00000034     driverlib.lib : sys_ctrl.obj (.text:NOROM_SysCtrlIdle)
                  00021580    00000034     drivers_cc26x2.aem4f : NVSSPI25X.oem4f (.text:NVSSPI25X_init)
                  000215b4    00000034     osal_port.obj (.text:OsalPort_heapFree$50)
                  000215e8    00000034     rf_multiMode_cc26x2.aem4f : RFCC26X2_multiMode.c.cc26x2.ccs.o (.text:RF_runDirectImmediateCmd)
                  0002161c    00000034     zd_app.obj (.text:ZDApp_NodeProfileSync)
                  00021650    00000034     zd_profile.obj (.text:ZDP_IEEEAddrReq)
                  00021684    00000034     bdb_reporting.obj (.text:bdb_clusterEndpointArraySearch$42)
                  000216b8    00000034     bdb.obj (.text:bdb_nwkDescFree)
                  000216ec    00000034     bdb.obj (.text:bdb_requestTCLinkKey$40)
                  00021720    00000034     drivers_cc26x2.aem4f : NVSSPI25X.oem4f (.text:extFlashPowerStandby)
                  00021754    00000034                          : NVSSPI25X.oem4f (.text:extFlashWriteEnable)
                  00021788    00000034     maclib_nosecure_cc26x2_2_4g.a : mac_hl_patch.obj (.text:macCheckPhyRate)
                  000217bc    00000034                                   : mac_low_level.obj (.text:macLowLevelDiags)
                  000217f0    00000034                                   : mac.obj (.text:macRatDisableChannelB)
                  00021824    00000034                                   : mac_symbol_timer.obj (.text:macSymbolTimerCount)
                  00021858    00000034                                   : mac_tx.obj (.text:macTxAckNotReceivedCallback)
                  0002188c    00000034     libZStack_nwk_zed_ccs.a : nwk_util.obj (.text:nwkNeighborInitTable)
                  000218c0    00000034     osal_nv.obj (.text:osal_nv_write_ex)
                  000218f4    00000034     drivers_cc26x2.aem4f : UARTCC26XX.oem4f (.text:readData2RingBuf)
                  00021928    00000034     libZStack_nwk_zed_ccs.a : reflecttrack.obj (.text:reflectTrack_FindHandle)
                  0002195c    00000034     rtsv7M4_T_le_v4SPD16_eabi.lib : strncpy.c.obj (.text:strncpy)
                  00021990    00000034     rom_sysbios.aem4f : rom_sysbios.obj (.text:ti_sysbios_knl_Swi_setPri__E)
                  000219c4    00000034     zcl.obj (.text:zclParseInDiscCmdsRspCmd$23)
                  000219f8    00000032     binding_table.obj (.text:BindInitNV)
                  00021a2a    00000032     osal_port.obj (.text:OsalPort_msgExtract)
                  00021a5c    00000032     zd_object.obj (.text:ZDO_AnyClusterMatches)
                  00021a8e    00000032     zd_object.obj (.text:ZDO_ParseEPListRsp)
                  00021ac0    00000032     zstacktask.obj (.text:sendJoinCnfInd$38)
                  00021af2    00000032     rom_sysbios.aem4f : rom_sysbios.obj (.text:ti_sysbios_gates_GateMutexPri_insertPri__I)
                  00021b24    00000032     zcl_sampleapps_ui.obj (.text:uiArrayToString$13)
                  00021b56    00000002     --HOLE-- [fill = 0]
                  00021b58    00000030     drivers_cc26x2.aem4f : AESECBCC26XX.oem4f (.text:AESECB_cleanup)
                  00021b88    00000030     libZStack_nwk_zed_ccs.a : aps_frag.obj (.text:APSF_FreeObj$64)
                  00021bb8    00000030                             : addr_mgr.obj (.text:AddrMgrEntryRelease)
[...]
20004f7a  zdoBindUnbindAuthClusterId                                      
20004f7c  zdpExternalStateTaskID                                          
20004f84  zdoBindUnbindAuthAddr                                           
20004fc0  ti_sysbios_family_arm_cc26xx_Timer_Object__table__V             
20005008  bdb_FB_InitiatorCurrentCyclesNumber                             
20005009  bdb_TaskID                                                      
2000500a  bdb_initialization                                              
2000500b  vDoPrimaryScan                                                  
2000500c  bdbSecureRejoinAttempts                                         
2000500d  bdb_performingTCRejoin                                          
20005010  bdb_HeadEpDescriptorList                                        
20005014  bdb_CurrEpDescriptorList                                        
20005018  pRespondentHead                                                 
2000501c  pRespondentCurr                                                 
20005020  pRespondentNext                                                 
20005024  bdbCommissioningProcedureState                                  
20005038  bdbAttributes                                                   
20005050  pRfMode                                                         
20005054  pRfPowerTable                                                   
20005058  pMaxPower                                                       
2000505c  RF_handle                                                       
20005060  macPhyTxPower                                                   
20005068  RF_params                                                       
20005088  AIB_apsUseInsecureJoin                                          
20005089  APS_TaskID                                                      
2000508a  APS_Counter                                                     
2000508b  APS_AllowDataRequests                                           
2000508c  apsfSendFragmented                                              
20005090  AIB_apsTrustCenterAddress                                       
20005094  pAPS_UnBind                                                     
20005098  pAPS_GetBind                                                    
2000509c  pAPS_DataConfirmReflect                                         
200050a0  pAPS_DataIndReflect                                             
200050a4  pAPS_BindingTimeoutCB                                           
200050a8  apsfProcessAck                                                  
200050ac  apsfSendOsalMsg                                                 
200050b4  APS_lastDupTime                                                 
200050b8  AIB_apsUseExtendedPANID                                         
200050c0  ti_sysbios_gates_GateMutex_Object__table__V                     
200050f8  macBeaconPayload                                                
2000512c  zclMenuConfigCodes                                              
20005160  pMacDataTx                                                      
20005164  macDataTxIndirect                                               
20005168  macDataRequeueIndirect                                          
2000516c  macDataRxBeaconCritical                                         
20005170  macDataTxBeaconComplete                                         
20005174  macDataSetSched                                                 
20005178  macDataCheckSched                                               
2000517c  macDataCheckTxTime                                              
20005180  macDataBeaconRequeue                                            
20005184  csmPhy                                                          
20005188  macTimerRollover                                                
2000518c  macTimerNewRollover                                             
20005190  ti_sysbios_knl_Swi_Module_State_0_readyQ__A                     
200051c0  ti_sysbios_knl_Swi_Object__table__V                             
200051f0  ti_sysbios_knl_Task_Module_State_0_readyQ__A                    
20005220  bdbIndentifyActiveEndpoint                                      
20005224  pfnIdentifyTimeChangeCB                                         
20005228  pfnBindNotificationCB                                           
20005230  grpName                                                         
20005238  bdb_FindingBindingTargetSimpleDesc                              
2000524c  macSpecUsecsPerSymbol                                           
20005250  macPrevPeriodRatCount                                           
20005254  macSymbolTimerRollover                                          
20005258  macSymbolTimerTrigger                                           
20005274  zclMenuApp                                                      
200052c0  macTxSlottedDelayFactor                                         
200052c1  macTxType                                                       
200052c2  macTxBe                                                         
200052c3  macTxGpInterframeDelay                                          
200052c4  txAckReq                                                        
200052c7  txSeqn                                                          
200052c9  numTx                                                           
200052ca  macTxCsmaBackoffDelay                                           
200052cc  macCsmaRtcTimerId                                               
200052d0  macAckDbg                                                       
200052e4  macActionSet                                                    
2000530c  pbindAddEntry                                                   
20005310  pbindNumOfEntries                                               
20005314  pbindRemoveDev                                                  
20005318  pBindInitNV                                                     
2000531c  pBindSetDefaultNV                                               
20005320  pBindRestoreFromNV                                              
20005324  pBindWriteNV                                                    
20005348  ti_sysbios_knl_Clock_Object__table__V                           
20005368  xdc_runtime_Error_IgnoreBlock                                   
20005388  zclSampleTemperatureSensor_PhysicalEnvironment                  
2000538a  zclSampleTemperatureSensor_IdentifyTime                         
2000538c  zclSampleTemperatureSensor_MeasuredValue                        
20005390  zclSampleTemperatureSensor_SimpleDesc                           
200053a4  zcl_TransID                                                     
200053a5  zcl_radius                                                      
200053a8  zcl_ValidateAttrDataCB                                          
200053c0  txCmdHandle                                                     
200053c2  macRadioAckIeeeFrame                                            
200053c8  macAIFSTimer                                                    
200053d8  ti_sysbios_family_arm_m3_Hwi_Object__table__V                   
20005408  NLME_AssocPermission                                            
20005409  NLME_PermitJoining                                              
2000540c  NLME_ScanFields                                                 
20005410  pnwk_ScanPANChanSelect                                          
20005414  pnwk_ScanPANChanVerify                                          
20005418  pNLME_NetworkFormationConfirm                                   
2000541e  nwkFrameCounterChanges                                          
20005420  nwkFrameCounter                                                 
20005424  distributedFrameCounter                                         
20005430  gpioCallbackFunctions                                           
20005444  gpioPinConfigs                                                  
20005458  macStateTbl                                                     
2000547c  macCfg                                                          
2000548c  APSF_taskID                                                     
20005494  pAPSF_IgnoreBlock                                               
200054a0  pClockHandleEDScan                                              
200054a4  pOverrides_ieee154                                              
200054b0  ti_sysbios_heaps_HeapCallback_Object__table__V                  
200054bc  zgAllowRemoteTCPolicyChange                                     
200054bd  zgRouterOffAssocCleanup                                         
200054be  zTouchLinkNwkStartRtr                                           
200054c0  zgNwkCommissionedNwkAddr                                        
200054c2  zgStartDelay                                                    
200054c3  zgZdoDirectCB                                                   
200054c4  zgNwkMgrMinTransmissions                                        
200054c5  zgNwkMgrMode                                                    
200054c6  zgSapiEndpoint                                                  
200054d0  maxSupportedEndpoints                                           
200054d1  nwkUseMultiCast                                                 
200054d8  AF_DataRequestDiscoverRoute                                     
200054dc  epList                                                          
200054e8  nwkDataBufQueue                                                 
200054f8  _lock                                                           
200054fc  _unlock                                                         
20005500  pinUpperBound                                                   
20005504  pinLowerBound                                                   
20005510  lastRatChanA                                                    
20005511  lastRatChanB                                                    
20005512  macRxCmdActive                                                  
20005513  macTxCmdActive                                                  
20005514  macFsCmdActive                                                  
20005515  numRfCmd                                                        
20005516  numRxCmd                                                        
20005517  numRxPostCmd                                                    
20005518  ti_sysbios_family_arm_m3_Hwi_Module__root__V                    
20005520  ti_sysbios_gates_GateHwi_Module__root__V                        
20005528  ti_sysbios_gates_GateMutexPri_Module__root__V                   
20005530  ti_sysbios_gates_GateMutex_Module__root__V                      
20005538  ti_sysbios_hal_Hwi_Module__root__V                              
20005540  ti_sysbios_heaps_HeapCallback_Module__root__V                   
20005548  ti_sysbios_heaps_HeapMem_Module__root__V                        
20005550  ti_sysbios_knl_Clock_Module__root__V                            
20005558  ti_sysbios_knl_Event_Module__root__V                            
20005560  ti_sysbios_knl_Mailbox_Module__root__V                          
20005568  ti_sysbios_knl_Queue_Module__root__V                            
20005570  ti_sysbios_knl_Semaphore_Module__root__V                        
20005578  ti_sysbios_knl_Swi_Module__root__V                              
20005580  ti_sysbios_knl_Task_Module__root__V                             
2000558d  CryptoResourceCC26XX_pollingFlag                                
20005590  macSrcMatchIsAckAllPending                                      
20005591  macSrcResIndex                                                  
2000559c  apsGroupTable                                                   
200055a0  macRadioYielded                                                 
200055a1  bInSwi                                                          
200055a2  macTxSlottedDelay                                               
200055a3  macSrcMatchIsEnabled                                            
200055a4  macTasksEvents                                                  
200055a8  main_func_sp                                                    
200055ac  ti_sysbios_family_arm_m3_Hwi_Module_State_0_excContext__A       
200055b0  ti_sysbios_family_arm_m3_Hwi_Module_State_0_excStack__A         
200055b4  ti_sysbios_knl_Task_Module_State_0_idleTask__A                  
200055ba  ti_sysbios_family_arm_m3_Hwi_Module_State_0_excActive__A        
200055c0  macSleepState                                                   
20005a38  ti_sysbios_knl_Task_Instance_State_0_stack__A                   
20005c38  uartCC26XXObjects                                               
20005d64  enhancedAckBuf                                                  
20005e60  ti_sysbios_family_arm_m3_Hwi_dispatchTable                      
20005f38  spiCC26X2DMAObjects                                             
2000600c  rreqCounter                                                     
200060b8  macPib                                                          
20006140  bdb_reportingClusterEndpointArrayCount                          
20006141  bdb_reportingNextClusterEndpointIndex                           
20006142  bdb_reportingAttrCfgRecordsArrayCount                           
20006143  bdb_reportingAttrCfgRecordsArrayMaxSize                         
20006144  bdb_reportingAcceptDefaultConfs                                 
20006146  bdb_reportingNextEventTimeout                                   
20006148  gAttrDataValue                                                  
2000614c  bdb_reportingAttrCfgRecordsArray                                
20006150  attrDefaultCfgRecordLinkedList                                  
20006158  bdb_reportingClusterEndpointArray                               
200061bc  pinHandleTable                                                  
20006238  LEDObjects                                                      
200062b0  macScan                                                         
20006304  ButtonObjects                                                   
20006354  trngCC26XXObjects                                               
200063e0  macBeaconCoord                                                  
2000641c  macDeviceAction1                                                
20006488  macBeaconDevice                                                 
200064bc  macCoord                                                        
200064e8  macDevice                                                       
20006514  macMgmtAction1                                                  
2000653c  macRxFilter                                                     
2000653d  rxPromiscuousMode                                               
20006540  rxSeqNum                                                        
20006548  macRxDataEntryOffset                                            
2000654c  rxRadioBufferPtr                                                
20006558  macRxDataEntryQueue                                             
200065c0  macBeacon                                                       
200065e0  udmaCC26XXObject                                                
200066a8  CryptoResourceCC26XX_accessSemaphore                            
200066c4  CryptoResourceCC26XX_hwi                                        
200066e0  CryptoResourceCC26XX_operationSemaphore                         
200066fc  macCoordAction2                                                 
20006718  macReset                                                        
20006734  aesccmCC26XXObjects                                             
2000674c  aesecbCC26XXObjects                                             
20006764  macScanAction                                                   
2000677c  ZDO_Config_Power_Descriptor                                     
20006780  ZDO_Config_Node_Descriptor                                      
200067b8  adcCC26xxObjects                                                
200067cc  macDeviceAction2                                                
200067e0  macMgmtAction2                                                  
20006804  macBeaconDeviceAction                                           
20006814  macCoordAction3                                                 
20006824  macData                                                         
20006834  macDataTxDelay                                                  
20006868  macMain                                                         
20006874  nvsSPI25XObjects                                                
20006888  macBeaconCoordAction1                                           
20006890  macCoordAction1                                                 
200068a0  ClockP_tickPeriod                                               
200068a4  FH_test_var                                                     
200068a8  PowerCC26XX_swiKey                                              
200068ac  PowerCC26XX_taskKey                                             
200068b0  _ScanChannels                                                   
200068b4  macTimerActive                                                  
200068b8  nvsCC26XXObjects                                                
200068bc  timerAlignedQ                                                   
200068c0  timerUnalignedQ                                                 
200068c6  driverlib_release_0_55938                                       
200068c7  macMgmt                                                         
200068c8  macPanCoordinator                                               
200068c9  macPhyChannel                                                   
200068ca  macPwr                                                          
200068cb  macRxActive                                                     
200068cc  macRxEnableFlags                                                
200068cd  macRxOutgoingAckFlag                                            
200068ce  macSymbolTimerImpending                                         
200068cf  macTaskId                                                       
200068d0  macTxActive                                                     
200068d1  macUnitBackoffPeriod                                            
200068d2  rxFhRsl                                                         
200068d3  stackServiceTaskId                                              
200068d4  heapStart                                                       
20013a00  __stack                                                         
20013a00  heapEnd                                                         
20014000  __STACK_END                                                     
20014000  __STACK_TOP                                                     
e000e000  ti_sysbios_family_arm_m3_Hwi_nvic                               
ffffffff  __TI_pprof_out_hndl                                             
ffffffff  __TI_prof_data_size                                             
ffffffff  __TI_prof_data_start                                            
ffffffff  __binit__                                                       
ffffffff  __c_args__                                                      
ffffffff  binit                                                           
UNDEFED   PWM_config                                                      
UNDEFED   PWM_count                                                       
UNDEFED   SHT$$INIT_ARRAY$$Base                                           
UNDEFED   SHT$$INIT_ARRAY$$Limit                                          

[2413 symbols]
